cockroachdb point_hit c=1 rep=1 5276.7 ops/s p99=0.318ms errors=0 verified=true
cockroachdb point_hit c=1 rep=2 5338.7 ops/s p99=0.298ms errors=0 verified=true
cockroachdb point_hit c=1 rep=3 5211.1 ops/s p99=0.339ms errors=0 verified=true
cockroachdb point_hit c=8 rep=1 33249.7 ops/s p99=0.390ms errors=0 verified=true
cockroachdb point_hit c=8 rep=2 33328.4 ops/s p99=0.391ms errors=0 verified=true
cockroachdb point_hit c=8 rep=3 32970.7 ops/s p99=0.438ms errors=0 verified=true
cockroachdb point_miss c=1 rep=1 5377.3 ops/s p99=0.282ms errors=0 verified=true
cockroachdb point_miss c=1 rep=2 5355.2 ops/s p99=0.295ms errors=0 verified=true
cockroachdb point_miss c=1 rep=3 5379.1 ops/s p99=0.288ms errors=0 verified=true
cockroachdb point_miss c=8 rep=1 31909.5 ops/s p99=0.425ms errors=0 verified=true
cockroachdb point_miss c=8 rep=2 33790.2 ops/s p99=0.366ms errors=0 verified=true
cockroachdb point_miss c=8 rep=3 33956.3 ops/s p99=0.372ms errors=0 verified=true
cockroachdb range_64 c=1 rep=1 3636.2 ops/s p99=0.381ms errors=0 verified=true
cockroachdb range_64 c=1 rep=2 3656.4 ops/s p99=0.363ms errors=0 verified=true
cockroachdb range_64 c=1 rep=3 3656.1 ops/s p99=0.370ms errors=0 verified=true
cockroachdb range_64 c=8 rep=1 22686.7 ops/s p99=0.745ms errors=0 verified=true
cockroachdb range_64 c=8 rep=2 24390.1 ops/s p99=0.473ms errors=0 verified=true
cockroachdb range_64 c=8 rep=3 23157.1 ops/s p99=0.715ms errors=0 verified=true
cockroachdb group_16 c=1 rep=1 415.2 ops/s p99=4.410ms errors=0 verified=true
cockroachdb group_16 c=1 rep=2 411.0 ops/s p99=4.651ms errors=0 verified=true
cockroachdb group_16 c=1 rep=3 360.1 ops/s p99=4.831ms errors=0 verified=true
cockroachdb group_16 c=8 rep=1 1415.9 ops/s p99=12.634ms errors=0 verified=true
cockroachdb group_16 c=8 rep=2 2416.7 ops/s p99=7.097ms errors=0 verified=true
cockroachdb group_16 c=8 rep=3 2487.6 ops/s p99=6.936ms errors=0 verified=true
cockroachdb update_existing c=1 rep=1 906.5 ops/s p99=1.659ms errors=0 verified=true
cockroachdb update_existing c=1 rep=2 774.4 ops/s p99=2.422ms errors=0 verified=true
cockroachdb update_existing c=1 rep=3 827.4 ops/s p99=1.924ms errors=0 verified=true
cockroachdb update_existing c=8 rep=1 3584.5 ops/s p99=3.724ms errors=0 verified=true
cockroachdb update_existing c=8 rep=2 4287.7 ops/s p99=2.935ms errors=0 verified=true
cockroachdb update_existing c=8 rep=3 3894.1 ops/s p99=3.559ms errors=0 verified=true
