vibedb point_hit c=1 rep=1 1947.3 ops/s p99=1.557ms errors=0 verified=true
vibedb point_hit c=1 rep=2 2273.5 ops/s p99=0.892ms errors=0 verified=true
vibedb point_hit c=1 rep=3 2146.4 ops/s p99=1.058ms errors=0 verified=true
vibedb point_hit c=8 rep=1 3559.6 ops/s p99=9.651ms errors=0 verified=true
vibedb point_hit c=8 rep=2 3630.1 ops/s p99=11.723ms errors=0 verified=true
vibedb point_hit c=8 rep=3 5354.7 ops/s p99=4.698ms errors=0 verified=true
vibedb point_miss c=1 rep=1 2340.7 ops/s p99=0.850ms errors=0 verified=true
vibedb point_miss c=1 rep=2 2367.5 ops/s p99=0.834ms errors=0 verified=true
vibedb point_miss c=1 rep=3 2381.3 ops/s p99=0.839ms errors=0 verified=true
vibedb point_miss c=8 rep=1 7182.1 ops/s p99=3.005ms errors=0 verified=true
vibedb point_miss c=8 rep=2 7238.3 ops/s p99=2.926ms errors=0 verified=true
vibedb point_miss c=8 rep=3 7172.7 ops/s p99=2.986ms errors=0 verified=true
vibedb range_64 c=1 rep=1 1524.9 ops/s p99=1.093ms errors=0 verified=true
vibedb range_64 c=1 rep=2 1525.2 ops/s p99=1.071ms errors=0 verified=true
vibedb range_64 c=1 rep=3 1518.5 ops/s p99=1.049ms errors=0 verified=true
vibedb range_64 c=8 rep=1 4397.2 ops/s p99=5.406ms errors=0 verified=true
vibedb range_64 c=8 rep=2 4370.9 ops/s p99=5.659ms errors=0 verified=true
vibedb range_64 c=8 rep=3 4294.8 ops/s p99=5.879ms errors=0 verified=true
vibedb group_16 c=1 rep=1 177.8 ops/s p99=6.974ms errors=0 verified=true
vibedb group_16 c=1 rep=2 175.8 ops/s p99=7.083ms errors=0 verified=true
vibedb group_16 c=1 rep=3 177.5 ops/s p99=6.987ms errors=0 verified=true
vibedb group_16 c=8 rep=1 333.2 ops/s p99=60.927ms errors=0 verified=true
vibedb group_16 c=8 rep=2 322.4 ops/s p99=71.159ms errors=0 verified=true
vibedb group_16 c=8 rep=3 334.4 ops/s p99=58.331ms errors=0 verified=true
vibedb update_existing c=1 rep=1 69.7 ops/s p99=152.724ms errors=0 verified=true
