cockroachdb point_hit c=1 rep=1 4512.6 ops/s p99=0.354ms errors=0 verified=true
cockroachdb point_hit c=1 rep=2 4867.9 ops/s p99=0.380ms errors=0 verified=true
cockroachdb point_hit c=1 rep=3 4758.2 ops/s p99=0.393ms errors=0 verified=true
cockroachdb point_hit c=8 rep=1 29969.3 ops/s p99=0.463ms errors=0 verified=true
cockroachdb point_hit c=8 rep=2 31848.8 ops/s p99=0.415ms errors=0 verified=true
cockroachdb point_hit c=8 rep=3 32247.3 ops/s p99=0.424ms errors=0 verified=true
cockroachdb point_miss c=1 rep=1 4908.8 ops/s p99=0.476ms errors=0 verified=true
cockroachdb point_miss c=1 rep=2 5109.2 ops/s p99=0.310ms errors=0 verified=true
cockroachdb point_miss c=1 rep=3 4856.5 ops/s p99=0.599ms errors=0 verified=true
cockroachdb point_miss c=8 rep=1 27026.5 ops/s p99=0.680ms errors=0 verified=true
cockroachdb point_miss c=8 rep=2 7866.2 ops/s p99=16.930ms errors=0 verified=true
cockroachdb point_miss c=8 rep=3 32811.1 ops/s p99=0.412ms errors=0 verified=true
cockroachdb range_64 c=1 rep=1 3227.3 ops/s p99=0.622ms errors=0 verified=true
cockroachdb range_64 c=1 rep=2 3428.4 ops/s p99=0.433ms errors=0 verified=true
cockroachdb range_64 c=1 rep=3 3288.7 ops/s p99=0.519ms errors=0 verified=true
cockroachdb range_64 c=8 rep=1 22225.8 ops/s p99=0.684ms errors=0 verified=true
cockroachdb range_64 c=8 rep=2 22988.6 ops/s p99=0.646ms errors=0 verified=true
cockroachdb range_64 c=8 rep=3 22079.2 ops/s p99=0.734ms errors=0 verified=true
cockroachdb group_16 c=1 rep=1 416.1 ops/s p99=4.123ms errors=0 verified=true
cockroachdb group_16 c=1 rep=2 405.2 ops/s p99=4.068ms errors=0 verified=true
cockroachdb group_16 c=1 rep=3 409.9 ops/s p99=4.275ms errors=0 verified=true
cockroachdb group_16 c=8 rep=1 1685.5 ops/s p99=15.383ms errors=0 verified=true
cockroachdb group_16 c=8 rep=2 2566.0 ops/s p99=6.520ms errors=0 verified=true
cockroachdb group_16 c=8 rep=3 2396.3 ops/s p99=6.758ms errors=0 verified=true
cockroachdb update_existing c=1 rep=1 849.2 ops/s p99=1.809ms errors=0 verified=true
cockroachdb update_existing c=1 rep=2 860.4 ops/s p99=1.881ms errors=0 verified=true
cockroachdb update_existing c=1 rep=3 853.1 ops/s p99=1.782ms errors=0 verified=true
cockroachdb update_existing c=8 rep=1 4107.8 ops/s p99=3.006ms errors=0 verified=true
cockroachdb update_existing c=8 rep=2 4211.3 ops/s p99=2.537ms errors=0 verified=true
cockroachdb update_existing c=8 rep=3 3416.2 ops/s p99=6.267ms errors=0 verified=true
