vibedb point_hit c=1 rep=1 2302.8 ops/s p99=0.800ms errors=0 verified=true
vibedb point_hit c=1 rep=2 2244.5 ops/s p99=0.909ms errors=0 verified=true
vibedb point_hit c=1 rep=3 2302.7 ops/s p99=0.801ms errors=0 verified=true
vibedb point_hit c=8 rep=1 6687.8 ops/s p99=3.362ms errors=0 verified=true
vibedb point_hit c=8 rep=2 6787.4 ops/s p99=3.160ms errors=0 verified=true
vibedb point_hit c=8 rep=3 6939.2 ops/s p99=3.354ms errors=0 verified=true
vibedb point_miss c=1 rep=1 2357.8 ops/s p99=0.801ms errors=0 verified=true
vibedb point_miss c=1 rep=2 2368.4 ops/s p99=0.810ms errors=0 verified=true
vibedb point_miss c=1 rep=3 2382.9 ops/s p99=0.809ms errors=0 verified=true
vibedb point_miss c=8 rep=1 7099.2 ops/s p99=3.089ms errors=0 verified=true
vibedb point_miss c=8 rep=2 7002.5 ops/s p99=2.908ms errors=0 verified=true
vibedb point_miss c=8 rep=3 6917.0 ops/s p99=2.937ms errors=0 verified=true
vibedb range_64 c=1 rep=1 1504.4 ops/s p99=1.045ms errors=0 verified=true
vibedb range_64 c=1 rep=2 1489.5 ops/s p99=1.099ms errors=0 verified=true
vibedb range_64 c=1 rep=3 1510.8 ops/s p99=1.072ms errors=0 verified=true
vibedb range_64 c=8 rep=1 4348.1 ops/s p99=5.911ms errors=0 verified=true
vibedb range_64 c=8 rep=2 4333.3 ops/s p99=5.535ms errors=0 verified=true
vibedb range_64 c=8 rep=3 4351.7 ops/s p99=5.810ms errors=0 verified=true
vibedb group_16 c=1 rep=1 180.4 ops/s p99=6.860ms errors=0 verified=true
vibedb group_16 c=1 rep=2 179.4 ops/s p99=6.988ms errors=0 verified=true
vibedb group_16 c=1 rep=3 180.0 ops/s p99=7.058ms errors=0 verified=true
vibedb group_16 c=8 rep=1 355.3 ops/s p99=54.792ms errors=0 verified=true
vibedb group_16 c=8 rep=2 353.0 ops/s p99=57.528ms errors=0 verified=true
vibedb group_16 c=8 rep=3 352.2 ops/s p99=59.082ms errors=0 verified=true
vibedb update_existing c=1 rep=1 159.7 ops/s p99=15.244ms errors=0 verified=true
vibedb update_existing c=1 rep=2 172.1 ops/s p99=13.798ms errors=0 verified=true
vibedb update_existing c=1 rep=3 164.1 ops/s p99=14.313ms errors=0 verified=true
vibedb update_existing c=8 rep=1 160.7 ops/s p99=90.504ms errors=0 verified=true
vibedb update_existing c=8 rep=2 162.8 ops/s p99=70.356ms errors=0 verified=true
vibedb update_existing c=8 rep=3 164.4 ops/s p99=64.788ms errors=0 verified=true
