cockroachdb point_hit c=1 rep=1 5192.8 ops/s p99=0.495ms errors=0 verified=true
cockroachdb point_hit c=1 rep=2 4801.9 ops/s p99=0.393ms errors=0 verified=true
cockroachdb point_hit c=1 rep=3 4780.4 ops/s p99=0.477ms errors=0 verified=true
cockroachdb point_hit c=8 rep=1 32015.1 ops/s p99=0.378ms errors=0 verified=true
cockroachdb point_hit c=8 rep=2 32802.5 ops/s p99=0.388ms errors=0 verified=true
cockroachdb point_hit c=8 rep=3 29758.0 ops/s p99=0.601ms errors=0 verified=true
cockroachdb point_miss c=1 rep=1 4449.6 ops/s p99=0.447ms errors=0 verified=true
cockroachdb point_miss c=1 rep=2 4943.5 ops/s p99=0.535ms errors=0 verified=true
cockroachdb point_miss c=1 rep=3 5296.7 ops/s p99=0.261ms errors=0 verified=true
cockroachdb point_miss c=8 rep=1 31980.4 ops/s p99=0.404ms errors=0 verified=true
cockroachdb point_miss c=8 rep=2 33237.1 ops/s p99=0.372ms errors=0 verified=true
cockroachdb point_miss c=8 rep=3 33401.2 ops/s p99=0.350ms errors=0 verified=true
cockroachdb range_64 c=1 rep=1 3547.7 ops/s p99=0.430ms errors=0 verified=true
cockroachdb range_64 c=1 rep=2 3572.0 ops/s p99=0.401ms errors=0 verified=true
cockroachdb range_64 c=1 rep=3 3473.4 ops/s p99=0.500ms errors=0 verified=true
cockroachdb range_64 c=8 rep=1 23104.2 ops/s p99=0.608ms errors=0 verified=true
cockroachdb range_64 c=8 rep=2 23425.8 ops/s p99=0.554ms errors=0 verified=true
cockroachdb range_64 c=8 rep=3 23428.3 ops/s p99=0.572ms errors=0 verified=true
cockroachdb group_16 c=1 rep=1 408.9 ops/s p99=3.580ms errors=0 verified=true
cockroachdb group_16 c=1 rep=2 402.9 ops/s p99=4.231ms errors=0 verified=true
cockroachdb group_16 c=1 rep=3 368.2 ops/s p99=5.794ms errors=0 verified=true
cockroachdb group_16 c=8 rep=1 1463.6 ops/s p99=17.341ms errors=0 verified=true
cockroachdb group_16 c=8 rep=2 2424.0 ops/s p99=6.908ms errors=0 verified=true
cockroachdb group_16 c=8 rep=3 2544.7 ops/s p99=6.888ms errors=0 verified=true
cockroachdb update_existing c=1 rep=1 927.4 ops/s p99=1.667ms errors=0 verified=true
cockroachdb update_existing c=1 rep=2 717.1 ops/s p99=3.246ms errors=0 verified=true
cockroachdb update_existing c=1 rep=3 909.4 ops/s p99=1.648ms errors=0 verified=true
cockroachdb update_existing c=8 rep=1 4457.8 ops/s p99=2.845ms errors=0 verified=true
cockroachdb update_existing c=8 rep=2 3966.8 ops/s p99=2.880ms errors=0 verified=true
cockroachdb update_existing c=8 rep=3 3280.9 ops/s p99=5.769ms errors=0 verified=true
