vibedb point_hit c=1 rep=1 2285.8 ops/s p99=0.819ms errors=0 verified=true
vibedb point_hit c=1 rep=2 2064.7 ops/s p99=0.991ms errors=0 verified=true
vibedb point_hit c=1 rep=3 2078.2 ops/s p99=0.943ms errors=0 verified=true
vibedb point_hit c=8 rep=1 6559.3 ops/s p99=3.427ms errors=0 verified=true
vibedb point_hit c=8 rep=2 6563.9 ops/s p99=3.429ms errors=0 verified=true
vibedb point_hit c=8 rep=3 6708.9 ops/s p99=3.175ms errors=0 verified=true
vibedb point_miss c=1 rep=1 2364.4 ops/s p99=0.760ms errors=0 verified=true
vibedb point_miss c=1 rep=2 2351.6 ops/s p99=0.836ms errors=0 verified=true
vibedb point_miss c=1 rep=3 2358.7 ops/s p99=0.806ms errors=0 verified=true
vibedb point_miss c=8 rep=1 6695.1 ops/s p99=3.161ms errors=0 verified=true
vibedb point_miss c=8 rep=2 7313.8 ops/s p99=3.119ms errors=0 verified=true
vibedb point_miss c=8 rep=3 7018.5 ops/s p99=3.003ms errors=0 verified=true
vibedb range_64 c=1 rep=1 1470.9 ops/s p99=1.113ms errors=0 verified=true
vibedb range_64 c=1 rep=2 1480.1 ops/s p99=1.133ms errors=0 verified=true
vibedb range_64 c=1 rep=3 1408.5 ops/s p99=1.351ms errors=0 verified=true
vibedb range_64 c=8 rep=1 4326.8 ops/s p99=6.064ms errors=0 verified=true
vibedb range_64 c=8 rep=2 4262.7 ops/s p99=6.286ms errors=0 verified=true
vibedb range_64 c=8 rep=3 4270.1 ops/s p99=5.428ms errors=0 verified=true
vibedb group_16 c=1 rep=1 170.8 ops/s p99=9.233ms errors=0 verified=true
vibedb group_16 c=1 rep=2 169.8 ops/s p99=7.281ms errors=0 verified=true
vibedb group_16 c=1 rep=3 176.0 ops/s p99=6.947ms errors=0 verified=true
vibedb group_16 c=8 rep=1 349.6 ops/s p99=58.433ms errors=0 verified=true
vibedb group_16 c=8 rep=2 355.0 ops/s p99=57.638ms errors=0 verified=true
vibedb group_16 c=8 rep=3 354.8 ops/s p99=52.986ms errors=0 verified=true
vibedb update_existing c=1 rep=1 388.5 ops/s p99=10.507ms errors=0 verified=true
vibedb update_existing c=1 rep=2 392.6 ops/s p99=10.222ms errors=0 verified=true
vibedb update_existing c=1 rep=3 390.5 ops/s p99=10.463ms errors=0 verified=true
vibedb update_existing c=8 rep=1 2029.3 ops/s p99=13.360ms errors=0 verified=true
vibedb update_existing c=8 rep=2 1820.2 ops/s p99=13.545ms errors=0 verified=true
vibedb update_existing c=8 rep=3 2174.0 ops/s p99=13.209ms errors=0 verified=true
