cockroachdb point_hit c=1 rep=1 7896.7 ops/s p99=0.203ms errors=0 verified=true
cockroachdb point_hit c=1 rep=2 7170.4 ops/s p99=0.220ms errors=0 verified=true
cockroachdb point_hit c=1 rep=3 7320.8 ops/s p99=0.186ms errors=0 verified=true
cockroachdb point_hit c=8 rep=1 43708.7 ops/s p99=0.298ms errors=0 verified=true
cockroachdb point_hit c=8 rep=2 44578.4 ops/s p99=0.297ms errors=0 verified=true
cockroachdb point_hit c=8 rep=3 44957.5 ops/s p99=0.277ms errors=0 verified=true
cockroachdb point_miss c=1 rep=1 7330.7 ops/s p99=0.221ms errors=0 verified=true
cockroachdb point_miss c=1 rep=2 7353.5 ops/s p99=0.215ms errors=0 verified=true
cockroachdb point_miss c=1 rep=3 7300.1 ops/s p99=0.189ms errors=0 verified=true
cockroachdb point_miss c=8 rep=1 44719.6 ops/s p99=0.302ms errors=0 verified=true
cockroachdb point_miss c=8 rep=2 44764.2 ops/s p99=0.307ms errors=0 verified=true
cockroachdb point_miss c=8 rep=3 45319.6 ops/s p99=0.295ms errors=0 verified=true
cockroachdb range_64 c=1 rep=1 5026.2 ops/s p99=0.243ms errors=0 verified=true
cockroachdb range_64 c=1 rep=2 5063.2 ops/s p99=0.247ms errors=0 verified=true
cockroachdb range_64 c=1 rep=3 5178.8 ops/s p99=0.245ms errors=0 verified=true
cockroachdb range_64 c=8 rep=1 32734.4 ops/s p99=0.365ms errors=0 verified=true
cockroachdb range_64 c=8 rep=2 30828.0 ops/s p99=0.588ms errors=0 verified=true
cockroachdb range_64 c=8 rep=3 33092.2 ops/s p99=0.347ms errors=0 verified=true
cockroachdb group_16 c=1 rep=1 614.5 ops/s p99=3.361ms errors=0 verified=true
cockroachdb group_16 c=1 rep=2 609.1 ops/s p99=3.201ms errors=0 verified=true
cockroachdb group_16 c=1 rep=3 600.1 ops/s p99=3.246ms errors=0 verified=true
cockroachdb group_16 c=8 rep=1 3403.1 ops/s p99=4.959ms errors=0 verified=true
cockroachdb group_16 c=8 rep=2 3429.5 ops/s p99=4.448ms errors=0 verified=true
cockroachdb group_16 c=8 rep=3 3424.4 ops/s p99=4.634ms errors=0 verified=true
cockroachdb update_existing c=1 rep=1 1096.8 ops/s p99=4.096ms errors=0 verified=true
cockroachdb update_existing c=1 rep=2 1209.9 ops/s p99=1.850ms errors=0 verified=true
cockroachdb update_existing c=1 rep=3 1300.2 ops/s p99=1.161ms errors=0 verified=true
cockroachdb update_existing c=8 rep=1 6475.1 ops/s p99=1.733ms errors=0 verified=true
cockroachdb update_existing c=8 rep=2 6129.0 ops/s p99=4.271ms errors=0 verified=true
cockroachdb update_existing c=8 rep=3 5960.8 ops/s p99=3.850ms errors=0 verified=true
