cockroachdb point_hit c=1 rep=1 5036.1 ops/s p99=0.316ms errors=0 verified=true
cockroachdb point_hit c=1 rep=2 5699.7 ops/s p99=0.381ms errors=0 verified=true
cockroachdb point_hit c=1 rep=3 5565.4 ops/s p99=0.407ms errors=0 verified=true
cockroachdb point_hit c=8 rep=1 31435.6 ops/s p99=0.393ms errors=0 verified=true
cockroachdb point_hit c=8 rep=2 33432.6 ops/s p99=0.378ms errors=0 verified=true
cockroachdb point_hit c=8 rep=3 32465.8 ops/s p99=0.374ms errors=0 verified=true
cockroachdb point_miss c=1 rep=1 5488.7 ops/s p99=0.251ms errors=0 verified=true
cockroachdb point_miss c=1 rep=2 5387.5 ops/s p99=0.289ms errors=0 verified=true
cockroachdb point_miss c=1 rep=3 5158.3 ops/s p99=0.406ms errors=0 verified=true
cockroachdb point_miss c=8 rep=1 29263.7 ops/s p99=0.754ms errors=0 verified=true
cockroachdb point_miss c=8 rep=2 32404.0 ops/s p99=0.382ms errors=0 verified=true
cockroachdb point_miss c=8 rep=3 31991.8 ops/s p99=0.425ms errors=0 verified=true
cockroachdb range_64 c=1 rep=1 3425.5 ops/s p99=0.651ms errors=0 verified=true
cockroachdb range_64 c=1 rep=2 3448.2 ops/s p99=0.394ms errors=0 verified=true
cockroachdb range_64 c=1 rep=3 3562.6 ops/s p99=0.380ms errors=0 verified=true
cockroachdb range_64 c=8 rep=1 21333.2 ops/s p99=0.828ms errors=0 verified=true
cockroachdb range_64 c=8 rep=2 23304.5 ops/s p99=0.623ms errors=0 verified=true
cockroachdb range_64 c=8 rep=3 23247.3 ops/s p99=0.612ms errors=0 verified=true
cockroachdb group_16 c=1 rep=1 362.9 ops/s p99=4.082ms errors=0 verified=true
cockroachdb group_16 c=1 rep=2 411.3 ops/s p99=3.915ms errors=0 verified=true
cockroachdb group_16 c=1 rep=3 398.2 ops/s p99=4.993ms errors=0 verified=true
cockroachdb group_16 c=8 rep=1 2225.3 ops/s p99=8.636ms errors=0 verified=true
cockroachdb group_16 c=8 rep=2 2369.8 ops/s p99=7.408ms errors=0 verified=true
cockroachdb group_16 c=8 rep=3 2389.7 ops/s p99=7.159ms errors=0 verified=true
cockroachdb update_existing c=1 rep=1 848.9 ops/s p99=1.795ms errors=0 verified=true
cockroachdb update_existing c=1 rep=2 877.2 ops/s p99=1.820ms errors=0 verified=true
cockroachdb update_existing c=1 rep=3 935.4 ops/s p99=1.670ms errors=0 verified=true
cockroachdb update_existing c=8 rep=1 4454.1 ops/s p99=2.706ms errors=0 verified=true
cockroachdb update_existing c=8 rep=2 4676.2 ops/s p99=2.241ms errors=0 verified=true
cockroachdb update_existing c=8 rep=3 4145.1 ops/s p99=3.627ms errors=0 verified=true
