vibedb point_hit c=1 rep=1 2188.0 ops/s p99=0.903ms errors=0 verified=true
vibedb point_hit c=1 rep=2 2149.8 ops/s p99=0.902ms errors=0 verified=true
vibedb point_hit c=1 rep=3 2103.6 ops/s p99=0.917ms errors=0 verified=true
vibedb point_hit c=8 rep=1 9849.8 ops/s p99=1.633ms errors=0 verified=true
vibedb point_hit c=8 rep=2 10451.7 ops/s p99=1.514ms errors=0 verified=true
vibedb point_hit c=8 rep=3 10200.5 ops/s p99=1.540ms errors=0 verified=true
vibedb point_miss c=1 rep=1 2351.1 ops/s p99=0.824ms errors=0 verified=true
vibedb point_miss c=1 rep=2 2348.6 ops/s p99=0.842ms errors=0 verified=true
vibedb point_miss c=1 rep=3 2387.0 ops/s p99=0.814ms errors=0 verified=true
vibedb point_miss c=8 rep=1 10566.2 ops/s p99=1.446ms errors=0 verified=true
vibedb point_miss c=8 rep=2 10137.6 ops/s p99=1.739ms errors=0 verified=true
vibedb point_miss c=8 rep=3 10732.1 ops/s p99=1.344ms errors=0 verified=true
vibedb range_64 c=1 rep=1 1487.0 ops/s p99=1.057ms errors=0 verified=true
vibedb range_64 c=1 rep=2 1501.6 ops/s p99=1.075ms errors=0 verified=true
vibedb range_64 c=1 rep=3 1501.9 ops/s p99=1.068ms errors=0 verified=true
vibedb range_64 c=8 rep=1 7256.4 ops/s p99=2.315ms errors=0 verified=true
vibedb range_64 c=8 rep=2 7074.6 ops/s p99=2.269ms errors=0 verified=true
vibedb range_64 c=8 rep=3 6993.1 ops/s p99=2.407ms errors=0 verified=true
vibedb group_16 c=1 rep=1 178.7 ops/s p99=6.543ms errors=0 verified=true
vibedb group_16 c=1 rep=2 181.5 ops/s p99=7.636ms errors=0 verified=true
vibedb group_16 c=1 rep=3 185.5 ops/s p99=6.368ms errors=0 verified=true
vibedb group_16 c=8 rep=1 917.9 ops/s p99=14.440ms errors=0 verified=true
vibedb group_16 c=8 rep=2 1246.6 ops/s p99=8.861ms errors=0 verified=true
vibedb group_16 c=8 rep=3 1242.6 ops/s p99=8.715ms errors=0 verified=true
vibedb update_existing c=1 rep=1 365.9 ops/s p99=10.778ms errors=0 verified=true
vibedb update_existing c=1 rep=2 374.9 ops/s p99=10.708ms errors=0 verified=true
vibedb update_existing c=1 rep=3 373.1 ops/s p99=10.500ms errors=0 verified=true
vibedb update_existing c=8 rep=1 1506.8 ops/s p99=28.676ms errors=0 verified=true
vibedb update_existing c=8 rep=2 1958.6 ops/s p99=18.323ms errors=0 verified=true
vibedb update_existing c=8 rep=3 2083.1 ops/s p99=12.779ms errors=0 verified=true
