cockroachdb point_hit c=1 rep=1 7610.5 ops/s p99=0.249ms errors=0 verified=true
cockroachdb point_hit c=1 rep=2 7232.7 ops/s p99=0.252ms errors=0 verified=true
cockroachdb point_hit c=1 rep=3 7023.7 ops/s p99=0.259ms errors=0 verified=true
cockroachdb point_hit c=8 rep=1 44677.1 ops/s p99=0.301ms errors=0 verified=true
cockroachdb point_hit c=8 rep=2 44184.5 ops/s p99=0.303ms errors=0 verified=true
cockroachdb point_hit c=8 rep=3 44624.0 ops/s p99=0.298ms errors=0 verified=true
cockroachdb point_miss c=1 rep=1 7392.4 ops/s p99=0.235ms errors=0 verified=true
cockroachdb point_miss c=1 rep=2 7329.4 ops/s p99=0.223ms errors=0 verified=true
cockroachdb point_miss c=1 rep=3 7310.1 ops/s p99=0.242ms errors=0 verified=true
cockroachdb point_miss c=8 rep=1 45332.4 ops/s p99=0.293ms errors=0 verified=true
cockroachdb point_miss c=8 rep=2 45134.6 ops/s p99=0.286ms errors=0 verified=true
cockroachdb point_miss c=8 rep=3 45800.6 ops/s p99=0.283ms errors=0 verified=true
cockroachdb range_64 c=1 rep=1 2931.6 ops/s p99=2.396ms errors=0 verified=true
cockroachdb range_64 c=1 rep=2 4777.6 ops/s p99=0.367ms errors=0 verified=true
cockroachdb range_64 c=1 rep=3 4587.7 ops/s p99=0.613ms errors=0 verified=true
cockroachdb range_64 c=8 rep=1 29541.9 ops/s p99=0.629ms errors=0 verified=true
cockroachdb range_64 c=8 rep=2 31840.6 ops/s p99=0.430ms errors=0 verified=true
cockroachdb range_64 c=8 rep=3 32307.1 ops/s p99=0.415ms errors=0 verified=true
cockroachdb group_16 c=1 rep=1 514.2 ops/s p99=3.382ms errors=0 verified=true
cockroachdb group_16 c=1 rep=2 580.0 ops/s p99=3.457ms errors=0 verified=true
cockroachdb group_16 c=1 rep=3 572.0 ops/s p99=3.442ms errors=0 verified=true
cockroachdb group_16 c=8 rep=1 3166.6 ops/s p99=5.384ms errors=0 verified=true
cockroachdb group_16 c=8 rep=2 3166.3 ops/s p99=5.245ms errors=0 verified=true
cockroachdb group_16 c=8 rep=3 3045.9 ops/s p99=5.743ms errors=0 verified=true
cockroachdb update_existing c=1 rep=1 643.5 ops/s p99=4.212ms errors=0 verified=true
cockroachdb update_existing c=1 rep=2 1223.0 ops/s p99=1.267ms errors=0 verified=true
cockroachdb update_existing c=1 rep=3 1270.8 ops/s p99=1.290ms errors=0 verified=true
cockroachdb update_existing c=8 rep=1 5779.9 ops/s p99=4.196ms errors=0 verified=true
cockroachdb update_existing c=8 rep=2 6111.9 ops/s p99=1.914ms errors=0 verified=true
cockroachdb update_existing c=8 rep=3 6301.8 ops/s p99=2.010ms errors=0 verified=true
