=== RUN   TestRF3SQLReadUsesAcceptedFenceWithoutPostProbe
raft2026/09/04 13:29:05 INFO: 1 switched to configuration voters=(1 2 3)
raft2026/09/04 13:29:05 INFO: 1 became follower at term 1
raft2026/09/04 13:29:05 INFO: newRaft 1 [peers: [1,2,3], term: 1, commit: 1, applied: 1, lastindex: 1, lastterm: 1]
raft2026/09/04 13:29:05 INFO: 2 switched to configuration voters=(1 2 3)
raft2026/09/04 13:29:05 INFO: 2 became follower at term 1
raft2026/09/04 13:29:05 INFO: newRaft 2 [peers: [1,2,3], term: 1, commit: 1, applied: 1, lastindex: 1, lastterm: 1]
raft2026/09/04 13:29:05 INFO: 3 switched to configuration voters=(1 2 3)
raft2026/09/04 13:29:05 INFO: 3 became follower at term 1
raft2026/09/04 13:29:05 INFO: newRaft 3 [peers: [1,2,3], term: 1, commit: 1, applied: 1, lastindex: 1, lastterm: 1]
raft2026/09/04 13:29:05 INFO: 1 is starting a new election at term 1
raft2026/09/04 13:29:05 INFO: 1 became pre-candidate at term 1
raft2026/09/04 13:29:05 INFO: 1 [logterm: 1, index: 1] sent MsgPreVote request to 2 at term 1
raft2026/09/04 13:29:05 INFO: 1 [logterm: 1, index: 1] sent MsgPreVote request to 3 at term 1
raft2026/09/04 13:29:05 INFO: 1 received MsgPreVoteResp from 1 at term 1
raft2026/09/04 13:29:05 INFO: 1 has received 1 MsgPreVoteResp votes and 0 vote rejections
raft2026/09/04 13:29:05 INFO: 2 [logterm: 1, index: 1, vote: 0] cast MsgPreVote for 1 [logterm: 1, index: 1] at term 1
raft2026/09/04 13:29:05 INFO: 3 [logterm: 1, index: 1, vote: 0] cast MsgPreVote for 1 [logterm: 1, index: 1] at term 1
raft2026/09/04 13:29:05 INFO: 1 received MsgPreVoteResp from 3 at term 1
raft2026/09/04 13:29:05 INFO: 1 has received 2 MsgPreVoteResp votes and 0 vote rejections
raft2026/09/04 13:29:05 INFO: 1 became candidate at term 2
raft2026/09/04 13:29:05 INFO: 1 [logterm: 1, index: 1] sent MsgVote request to 2 at term 2
raft2026/09/04 13:29:05 INFO: 1 [logterm: 1, index: 1] sent MsgVote request to 3 at term 2
raft2026/09/04 13:29:05 INFO: 2 [term: 1] received a MsgVote message with higher term from 1 [term: 2]
raft2026/09/04 13:29:05 INFO: 2 became follower at term 2
raft2026/09/04 13:29:05 INFO: 2 [logterm: 1, index: 1, vote: 0] cast MsgVote for 1 [logterm: 1, index: 1] at term 2
raft2026/09/04 13:29:05 INFO: 3 [term: 1] received a MsgVote message with higher term from 1 [term: 2]
raft2026/09/04 13:29:05 INFO: 3 became follower at term 2
raft2026/09/04 13:29:05 INFO: 3 [logterm: 1, index: 1, vote: 0] cast MsgVote for 1 [logterm: 1, index: 1] at term 2
raft2026/09/04 13:29:05 INFO: 1 received MsgVoteResp from 1 at term 2
raft2026/09/04 13:29:05 INFO: 1 has received 1 MsgVoteResp votes and 0 vote rejections
raft2026/09/04 13:29:05 INFO: 1 received MsgVoteResp from 3 at term 2
raft2026/09/04 13:29:05 INFO: 1 has received 2 MsgVoteResp votes and 0 vote rejections
raft2026/09/04 13:29:05 INFO: 1 became leader at term 2
--- PASS: TestRF3SQLReadUsesAcceptedFenceWithoutPostProbe (0.55s)
=== RUN   TestRF3SemanticLocalTLSQueriesAndRevocation
raft2026/09/04 13:29:05 INFO: 1 switched to configuration voters=(1 2 3)
raft2026/09/04 13:29:05 INFO: 1 became follower at term 1
raft2026/09/04 13:29:05 INFO: newRaft 1 [peers: [1,2,3], term: 1, commit: 1, applied: 1, lastindex: 1, lastterm: 1]
raft2026/09/04 13:29:06 INFO: 2 switched to configuration voters=(1 2 3)
raft2026/09/04 13:29:06 INFO: 2 became follower at term 1
raft2026/09/04 13:29:06 INFO: newRaft 2 [peers: [1,2,3], term: 1, commit: 1, applied: 1, lastindex: 1, lastterm: 1]
raft2026/09/04 13:29:06 INFO: 3 switched to configuration voters=(1 2 3)
raft2026/09/04 13:29:06 INFO: 3 became follower at term 1
raft2026/09/04 13:29:06 INFO: newRaft 3 [peers: [1,2,3], term: 1, commit: 1, applied: 1, lastindex: 1, lastterm: 1]
raft2026/09/04 13:29:06 INFO: 1 is starting a new election at term 1
raft2026/09/04 13:29:06 INFO: 1 became pre-candidate at term 1
raft2026/09/04 13:29:06 INFO: 1 [logterm: 1, index: 1] sent MsgPreVote request to 2 at term 1
raft2026/09/04 13:29:06 INFO: 1 [logterm: 1, index: 1] sent MsgPreVote request to 3 at term 1
raft2026/09/04 13:29:06 INFO: 1 received MsgPreVoteResp from 1 at term 1
raft2026/09/04 13:29:06 INFO: 1 has received 1 MsgPreVoteResp votes and 0 vote rejections
raft2026/09/04 13:29:06 INFO: 3 [logterm: 1, index: 1, vote: 0] cast MsgPreVote for 1 [logterm: 1, index: 1] at term 1
raft2026/09/04 13:29:06 INFO: 2 [logterm: 1, index: 1, vote: 0] cast MsgPreVote for 1 [logterm: 1, index: 1] at term 1
raft2026/09/04 13:29:06 INFO: 1 received MsgPreVoteResp from 3 at term 1
raft2026/09/04 13:29:06 INFO: 1 has received 2 MsgPreVoteResp votes and 0 vote rejections
raft2026/09/04 13:29:06 INFO: 1 became candidate at term 2
raft2026/09/04 13:29:06 INFO: 1 [logterm: 1, index: 1] sent MsgVote request to 2 at term 2
raft2026/09/04 13:29:06 INFO: 1 [logterm: 1, index: 1] sent MsgVote request to 3 at term 2
raft2026/09/04 13:29:06 INFO: 2 [term: 1] received a MsgVote message with higher term from 1 [term: 2]
raft2026/09/04 13:29:06 INFO: 2 became follower at term 2
raft2026/09/04 13:29:06 INFO: 2 [logterm: 1, index: 1, vote: 0] cast MsgVote for 1 [logterm: 1, index: 1] at term 2
raft2026/09/04 13:29:06 INFO: 3 [term: 1] received a MsgVote message with higher term from 1 [term: 2]
raft2026/09/04 13:29:06 INFO: 3 became follower at term 2
raft2026/09/04 13:29:06 INFO: 3 [logterm: 1, index: 1, vote: 0] cast MsgVote for 1 [logterm: 1, index: 1] at term 2
raft2026/09/04 13:29:06 INFO: 1 received MsgVoteResp from 1 at term 2
raft2026/09/04 13:29:06 INFO: 1 has received 1 MsgVoteResp votes and 0 vote rejections
raft2026/09/04 13:29:06 INFO: 1 received MsgVoteResp from 2 at term 2
raft2026/09/04 13:29:06 INFO: 1 has received 2 MsgVoteResp votes and 0 vote rejections
raft2026/09/04 13:29:06 INFO: 1 became leader at term 2
raft2026/09/04 13:29:06 INFO: entry at index 3 missing from unstable log; ignoring
raft2026/09/04 13:29:06 INFO: 3 is starting a new election at term 2
raft2026/09/04 13:29:06 INFO: 3 became pre-candidate at term 2
raft2026/09/04 13:29:06 INFO: 3 [logterm: 2, index: 6] sent MsgPreVote request to 1 at term 2
raft2026/09/04 13:29:06 INFO: 3 [logterm: 2, index: 6] sent MsgPreVote request to 2 at term 2
raft2026/09/04 13:29:06 INFO: 3 received MsgPreVoteResp from 3 at term 2
raft2026/09/04 13:29:06 INFO: 3 has received 1 MsgPreVoteResp votes and 0 vote rejections
raft2026/09/04 13:29:06 INFO: 2 [logterm: 2, index: 6, vote: 1] cast MsgPreVote for 3 [logterm: 2, index: 6] at term 2
raft2026/09/04 13:29:06 INFO: 3 received MsgPreVoteResp from 2 at term 2
raft2026/09/04 13:29:06 INFO: 3 has received 2 MsgPreVoteResp votes and 0 vote rejections
raft2026/09/04 13:29:06 INFO: 3 became candidate at term 3
raft2026/09/04 13:29:06 INFO: 3 [logterm: 2, index: 6] sent MsgVote request to 1 at term 3
raft2026/09/04 13:29:06 INFO: 3 [logterm: 2, index: 6] sent MsgVote request to 2 at term 3
raft2026/09/04 13:29:06 INFO: 2 [term: 2] received a MsgVote message with higher term from 3 [term: 3]
raft2026/09/04 13:29:06 INFO: 2 became follower at term 3
raft2026/09/04 13:29:06 INFO: 2 [logterm: 2, index: 6, vote: 0] cast MsgVote for 3 [logterm: 2, index: 6] at term 3
raft2026/09/04 13:29:06 INFO: 3 received MsgVoteResp from 3 at term 3
raft2026/09/04 13:29:06 INFO: 3 has received 1 MsgVoteResp votes and 0 vote rejections
raft2026/09/04 13:29:06 INFO: 3 received MsgVoteResp from 2 at term 3
raft2026/09/04 13:29:06 INFO: 3 has received 2 MsgVoteResp votes and 0 vote rejections
raft2026/09/04 13:29:06 INFO: 3 became leader at term 3
raft2026/09/04 13:29:07 WARN: 1 stepped down to follower since quorum is not active
raft2026/09/04 13:29:07 INFO: 1 became follower at term 2
--- PASS: TestRF3SemanticLocalTLSQueriesAndRevocation (1.55s)
PASS
ok  	github.com/thesyncim/vibedb/internal/raftservice	3.169s
