=== RUN   TestRuntimeReadAuthorityFollowerPromiseGatesElectionEdgesUntilExpiry
=== RUN   TestRuntimeReadAuthorityFollowerPromiseGatesElectionEdgesUntilExpiry/tick
=== RUN   TestRuntimeReadAuthorityFollowerPromiseGatesElectionEdgesUntilExpiry/campaign
=== RUN   TestRuntimeReadAuthorityFollowerPromiseGatesElectionEdgesUntilExpiry/vote
=== RUN   TestRuntimeReadAuthorityFollowerPromiseGatesElectionEdgesUntilExpiry/pre-vote
=== RUN   TestRuntimeReadAuthorityFollowerPromiseGatesElectionEdgesUntilExpiry/timeout-now
--- PASS: TestRuntimeReadAuthorityFollowerPromiseGatesElectionEdgesUntilExpiry (0.10s)
    --- PASS: TestRuntimeReadAuthorityFollowerPromiseGatesElectionEdgesUntilExpiry/tick (0.00s)
    --- PASS: TestRuntimeReadAuthorityFollowerPromiseGatesElectionEdgesUntilExpiry/campaign (0.00s)
    --- PASS: TestRuntimeReadAuthorityFollowerPromiseGatesElectionEdgesUntilExpiry/vote (0.00s)
    --- PASS: TestRuntimeReadAuthorityFollowerPromiseGatesElectionEdgesUntilExpiry/pre-vote (0.00s)
    --- PASS: TestRuntimeReadAuthorityFollowerPromiseGatesElectionEdgesUntilExpiry/timeout-now (0.00s)
=== RUN   TestRuntimeReadAuthorityLeaderPromiseAllowsTickButBlocksTransfer
--- PASS: TestRuntimeReadAuthorityLeaderPromiseAllowsTickButBlocksTransfer (0.18s)
=== RUN   TestRuntimeReadAuthorityClockFaultFailsClosedAfterGrant
=== RUN   TestRuntimeReadAuthorityClockFaultFailsClosedAfterGrant/tick
=== RUN   TestRuntimeReadAuthorityClockFaultFailsClosedAfterGrant/campaign
--- PASS: TestRuntimeReadAuthorityClockFaultFailsClosedAfterGrant (0.08s)
    --- PASS: TestRuntimeReadAuthorityClockFaultFailsClosedAfterGrant/tick (0.00s)
    --- PASS: TestRuntimeReadAuthorityClockFaultFailsClosedAfterGrant/campaign (0.00s)
=== RUN   TestRuntimeReadAuthorityRequiresIndependentLeaderIncarnation
--- PASS: TestRuntimeReadAuthorityRequiresIndependentLeaderIncarnation (0.11s)
=== RUN   TestRuntimeReadAuthorityRoundInvalidatesOnTermAndConfigChange
=== RUN   TestRuntimeReadAuthorityRoundInvalidatesOnTermAndConfigChange/term
=== RUN   TestRuntimeReadAuthorityRoundInvalidatesOnTermAndConfigChange/configuration
--- PASS: TestRuntimeReadAuthorityRoundInvalidatesOnTermAndConfigChange (0.09s)
    --- PASS: TestRuntimeReadAuthorityRoundInvalidatesOnTermAndConfigChange/term (0.05s)
    --- PASS: TestRuntimeReadAuthorityRoundInvalidatesOnTermAndConfigChange/configuration (0.04s)
=== RUN   TestRuntimeReadAuthorityPolicyChecksAndDisableReenableSafety
=== RUN   TestRuntimeReadAuthorityPolicyChecksAndDisableReenableSafety/applied-voter-set-and-disabled-fallback
=== RUN   TestRuntimeReadAuthorityPolicyChecksAndDisableReenableSafety/disable-reenable-preserves-immutable-policy
    read_authority_test.go:481: same-policy reenable after old promise expiry: raftauthority: invalid read authority policy: voter 169 capability is not explicitly enabled
=== RUN   TestRuntimeReadAuthorityPolicyChecksAndDisableReenableSafety/disabled-clock-fault-remains-closed
=== RUN   TestRuntimeReadAuthorityPolicyChecksAndDisableReenableSafety/disabled-clock-fault-remains-closed/tick
=== RUN   TestRuntimeReadAuthorityPolicyChecksAndDisableReenableSafety/disabled-clock-fault-remains-closed/campaign
--- FAIL: TestRuntimeReadAuthorityPolicyChecksAndDisableReenableSafety (0.12s)
    --- PASS: TestRuntimeReadAuthorityPolicyChecksAndDisableReenableSafety/applied-voter-set-and-disabled-fallback (0.03s)
    --- FAIL: TestRuntimeReadAuthorityPolicyChecksAndDisableReenableSafety/disable-reenable-preserves-immutable-policy (0.04s)
    --- PASS: TestRuntimeReadAuthorityPolicyChecksAndDisableReenableSafety/disabled-clock-fault-remains-closed (0.04s)
        --- PASS: TestRuntimeReadAuthorityPolicyChecksAndDisableReenableSafety/disabled-clock-fault-remains-closed/tick (0.00s)
        --- PASS: TestRuntimeReadAuthorityPolicyChecksAndDisableReenableSafety/disabled-clock-fault-remains-closed/campaign (0.00s)
FAIL
