=== RUN   TestHostAppendCompletionDoesNotProbeIdleGroups
--- PASS: TestHostAppendCompletionDoesNotProbeIdleGroups (0.00s)
=== RUN   TestHostAppendCompletionDoesNotReviveRemovedGroup
--- PASS: TestHostAppendCompletionDoesNotReviveRemovedGroup (0.00s)
=== RUN   TestHostConcurrentAppendCompletionDrain
--- PASS: TestHostConcurrentAppendCompletionDrain (0.02s)
=== RUN   TestThreeRealHostsTransferLeaderThroughAuthenticatedTransportAndContinueApply
raft2026/09/05 12:29:14 INFO: 1 switched to configuration voters=(1 2 3)
raft2026/09/05 12:29:14 INFO: 1 became follower at term 1
raft2026/09/05 12:29:14 INFO: newRaft 1 [peers: [1,2,3], term: 1, commit: 1, applied: 1, lastindex: 1, lastterm: 1]
raft2026/09/05 12:29:14 INFO: 2 switched to configuration voters=(1 2 3)
raft2026/09/05 12:29:14 INFO: 2 became follower at term 1
raft2026/09/05 12:29:14 INFO: newRaft 2 [peers: [1,2,3], term: 1, commit: 1, applied: 1, lastindex: 1, lastterm: 1]
raft2026/09/05 12:29:14 INFO: 3 switched to configuration voters=(1 2 3)
raft2026/09/05 12:29:14 INFO: 3 became follower at term 1
raft2026/09/05 12:29:14 INFO: newRaft 3 [peers: [1,2,3], term: 1, commit: 1, applied: 1, lastindex: 1, lastterm: 1]
raft2026/09/05 12:29:14 INFO: 1 is starting a new election at term 1
raft2026/09/05 12:29:14 INFO: 1 became pre-candidate at term 1
raft2026/09/05 12:29:14 INFO: 1 [logterm: 1, index: 1] sent MsgPreVote request to 2 at term 1
raft2026/09/05 12:29:14 INFO: 1 [logterm: 1, index: 1] sent MsgPreVote request to 3 at term 1
raft2026/09/05 12:29:14 INFO: 2 [logterm: 1, index: 1, vote: 0] cast MsgPreVote for 1 [logterm: 1, index: 1] at term 1
raft2026/09/05 12:29:14 INFO: 3 [logterm: 1, index: 1, vote: 0] cast MsgPreVote for 1 [logterm: 1, index: 1] at term 1
raft2026/09/05 12:29:14 INFO: 1 received MsgPreVoteResp from 1 at term 1
raft2026/09/05 12:29:14 INFO: 1 has received 1 MsgPreVoteResp votes and 0 vote rejections
raft2026/09/05 12:29:14 INFO: 1 received MsgPreVoteResp from 2 at term 1
raft2026/09/05 12:29:14 INFO: 1 has received 2 MsgPreVoteResp votes and 0 vote rejections
raft2026/09/05 12:29:14 INFO: 1 became candidate at term 2
raft2026/09/05 12:29:14 INFO: 1 [logterm: 1, index: 1] sent MsgVote request to 2 at term 2
raft2026/09/05 12:29:14 INFO: 1 [logterm: 1, index: 1] sent MsgVote request to 3 at term 2
raft2026/09/05 12:29:14 INFO: 2 [term: 1] received a MsgVote message with higher term from 1 [term: 2]
raft2026/09/05 12:29:14 INFO: 2 became follower at term 2
raft2026/09/05 12:29:14 INFO: 2 [logterm: 1, index: 1, vote: 0] cast MsgVote for 1 [logterm: 1, index: 1] at term 2
raft2026/09/05 12:29:14 INFO: 3 [term: 1] received a MsgVote message with higher term from 1 [term: 2]
raft2026/09/05 12:29:14 INFO: 3 became follower at term 2
raft2026/09/05 12:29:14 INFO: 3 [logterm: 1, index: 1, vote: 0] cast MsgVote for 1 [logterm: 1, index: 1] at term 2
raft2026/09/05 12:29:14 INFO: 1 received MsgVoteResp from 1 at term 2
raft2026/09/05 12:29:14 INFO: 1 has received 1 MsgVoteResp votes and 0 vote rejections
raft2026/09/05 12:29:14 INFO: 1 received MsgVoteResp from 2 at term 2
raft2026/09/05 12:29:14 INFO: 1 has received 2 MsgVoteResp votes and 0 vote rejections
raft2026/09/05 12:29:14 INFO: 1 became leader at term 2
raft2026/09/05 12:29:14 INFO: 1 [term 2] starts to transfer leadership to 2
raft2026/09/05 12:29:14 INFO: 1 sends MsgTimeoutNow to 2 immediately as 2 already has up-to-date log
raft2026/09/05 12:29:14 INFO: 2 [term 2] received MsgTimeoutNow from 1 and starts an election to get leadership.
raft2026/09/05 12:29:14 INFO: 2 is starting a new election at term 2
raft2026/09/05 12:29:14 INFO: 2 became candidate at term 3
raft2026/09/05 12:29:14 INFO: 2 [logterm: 2, index: 2] sent MsgVote request to 1 at term 3
raft2026/09/05 12:29:14 INFO: 2 [logterm: 2, index: 2] sent MsgVote request to 3 at term 3
raft2026/09/05 12:29:14 INFO: 3 [term: 2] received a MsgVote message with higher term from 2 [term: 3]
raft2026/09/05 12:29:14 INFO: 3 became follower at term 3
raft2026/09/05 12:29:14 INFO: 3 [logterm: 2, index: 2, vote: 0] cast MsgVote for 2 [logterm: 2, index: 2] at term 3
raft2026/09/05 12:29:14 INFO: 1 [term: 2] received a MsgVote message with higher term from 2 [term: 3]
raft2026/09/05 12:29:14 INFO: 1 became follower at term 3
raft2026/09/05 12:29:14 INFO: 1 [logterm: 2, index: 2, vote: 0] cast MsgVote for 2 [logterm: 2, index: 2] at term 3
raft2026/09/05 12:29:14 INFO: 2 received MsgVoteResp from 2 at term 3
raft2026/09/05 12:29:14 INFO: 2 has received 1 MsgVoteResp votes and 0 vote rejections
raft2026/09/05 12:29:14 INFO: 2 received MsgVoteResp from 3 at term 3
raft2026/09/05 12:29:14 INFO: 2 has received 2 MsgVoteResp votes and 0 vote rejections
raft2026/09/05 12:29:14 INFO: 2 became leader at term 3
--- PASS: TestThreeRealHostsTransferLeaderThroughAuthenticatedTransportAndContinueApply (0.08s)
=== RUN   TestThreeRealHostsOrderLearnerCatchUpBeforePromotion
raft2026/09/05 12:29:14 INFO: 1 switched to configuration voters=(1 2 3) learners=(4)
raft2026/09/05 12:29:14 INFO: 1 became follower at term 1
raft2026/09/05 12:29:14 INFO: newRaft 1 [peers: [1,2,3], term: 1, commit: 2, applied: 2, lastindex: 2, lastterm: 1]
raft2026/09/05 12:29:14 INFO: 2 switched to configuration voters=(1 2 3) learners=(4)
raft2026/09/05 12:29:14 INFO: 2 became follower at term 1
raft2026/09/05 12:29:14 INFO: newRaft 2 [peers: [1,2,3], term: 1, commit: 2, applied: 2, lastindex: 2, lastterm: 1]
raft2026/09/05 12:29:14 INFO: 3 switched to configuration voters=(1 2 3) learners=(4)
raft2026/09/05 12:29:14 INFO: 3 became follower at term 1
raft2026/09/05 12:29:14 INFO: newRaft 3 [peers: [1,2,3], term: 1, commit: 2, applied: 2, lastindex: 2, lastterm: 1]
raft2026/09/05 12:29:14 INFO: 4 switched to configuration voters=(1 2 3) learners=(4)
raft2026/09/05 12:29:14 INFO: 4 became follower at term 1
raft2026/09/05 12:29:14 INFO: newRaft 4 [peers: [1,2,3], term: 1, commit: 2, applied: 2, lastindex: 2, lastterm: 1]
raft2026/09/05 12:29:14 INFO: 1 is starting a new election at term 1
raft2026/09/05 12:29:14 INFO: 1 became pre-candidate at term 1
raft2026/09/05 12:29:14 INFO: 1 [logterm: 1, index: 2] sent MsgPreVote request to 2 at term 1
raft2026/09/05 12:29:14 INFO: 1 [logterm: 1, index: 2] sent MsgPreVote request to 3 at term 1
raft2026/09/05 12:29:14 INFO: 2 [logterm: 1, index: 2, vote: 0] cast MsgPreVote for 1 [logterm: 1, index: 2] at term 1
raft2026/09/05 12:29:14 INFO: 3 [logterm: 1, index: 2, vote: 0] cast MsgPreVote for 1 [logterm: 1, index: 2] at term 1
raft2026/09/05 12:29:14 INFO: 1 received MsgPreVoteResp from 1 at term 1
raft2026/09/05 12:29:14 INFO: 1 has received 1 MsgPreVoteResp votes and 0 vote rejections
raft2026/09/05 12:29:14 INFO: 1 received MsgPreVoteResp from 2 at term 1
raft2026/09/05 12:29:14 INFO: 1 has received 2 MsgPreVoteResp votes and 0 vote rejections
raft2026/09/05 12:29:14 INFO: 1 became candidate at term 2
raft2026/09/05 12:29:14 INFO: 1 [logterm: 1, index: 2] sent MsgVote request to 2 at term 2
raft2026/09/05 12:29:14 INFO: 1 [logterm: 1, index: 2] sent MsgVote request to 3 at term 2
raft2026/09/05 12:29:14 INFO: 2 [term: 1] received a MsgVote message with higher term from 1 [term: 2]
raft2026/09/05 12:29:14 INFO: 2 became follower at term 2
raft2026/09/05 12:29:14 INFO: 2 [logterm: 1, index: 2, vote: 0] cast MsgVote for 1 [logterm: 1, index: 2] at term 2
raft2026/09/05 12:29:14 INFO: 3 [term: 1] received a MsgVote message with higher term from 1 [term: 2]
raft2026/09/05 12:29:14 INFO: 3 became follower at term 2
raft2026/09/05 12:29:14 INFO: 3 [logterm: 1, index: 2, vote: 0] cast MsgVote for 1 [logterm: 1, index: 2] at term 2
raft2026/09/05 12:29:14 INFO: 1 received MsgVoteResp from 1 at term 2
raft2026/09/05 12:29:14 INFO: 1 has received 1 MsgVoteResp votes and 0 vote rejections
raft2026/09/05 12:29:14 INFO: 1 received MsgVoteResp from 2 at term 2
raft2026/09/05 12:29:14 INFO: 1 has received 2 MsgVoteResp votes and 0 vote rejections
raft2026/09/05 12:29:14 INFO: 1 became leader at term 2
raft2026/09/05 12:29:14 INFO: 4 [term: 1] received a MsgApp message with higher term from 1 [term: 2]
raft2026/09/05 12:29:14 INFO: 4 became follower at term 2
raft2026/09/05 12:29:14 INFO: 1 switched to configuration voters=(1 2 3 4)
raft2026/09/05 12:29:14 INFO: 2 switched to configuration voters=(1 2 3 4)
raft2026/09/05 12:29:14 INFO: 3 switched to configuration voters=(1 2 3 4)
raft2026/09/05 12:29:14 INFO: 4 switched to configuration voters=(1 2 3) learners=(4)
raft2026/09/05 12:29:14 INFO: 4 became follower at term 2
raft2026/09/05 12:29:14 INFO: newRaft 4 [peers: [1,2,3], term: 2, commit: 4, applied: 3, lastindex: 4, lastterm: 2]
raft2026/09/05 12:29:14 INFO: 2 is starting a new election at term 2
raft2026/09/05 12:29:14 INFO: 2 became pre-candidate at term 2
raft2026/09/05 12:29:14 INFO: 2 [logterm: 2, index: 4] sent MsgPreVote request to 1 at term 2
raft2026/09/05 12:29:14 INFO: 2 [logterm: 2, index: 4] sent MsgPreVote request to 3 at term 2
raft2026/09/05 12:29:14 INFO: 2 [logterm: 2, index: 4] sent MsgPreVote request to 4 at term 2
raft2026/09/05 12:29:14 INFO: 3 [logterm: 2, index: 4, vote: 1] ignored MsgPreVote from 2 [logterm: 2, index: 4] at term 2: lease is not expired (remaining ticks: 10)
raft2026/09/05 12:29:14 INFO: 4 switched to configuration voters=(1 2 3 4)
raft2026/09/05 12:29:14 INFO: 2 received MsgPreVoteResp from 2 at term 2
raft2026/09/05 12:29:14 INFO: 2 has received 1 MsgPreVoteResp votes and 0 vote rejections
raft2026/09/05 12:29:14 INFO: 4 [logterm: 2, index: 4, vote: 0] cast MsgPreVote for 2 [logterm: 2, index: 4] at term 2
raft2026/09/05 12:29:14 INFO: 2 received MsgPreVoteResp from 4 at term 2
raft2026/09/05 12:29:14 INFO: 2 has received 2 MsgPreVoteResp votes and 0 vote rejections
raft2026/09/05 12:29:14 INFO: 2 is starting a new election at term 2
raft2026/09/05 12:29:14 INFO: 2 became pre-candidate at term 2
raft2026/09/05 12:29:14 INFO: 2 [logterm: 2, index: 4] sent MsgPreVote request to 1 at term 2
raft2026/09/05 12:29:14 INFO: 2 [logterm: 2, index: 4] sent MsgPreVote request to 3 at term 2
raft2026/09/05 12:29:14 INFO: 2 [logterm: 2, index: 4] sent MsgPreVote request to 4 at term 2
raft2026/09/05 12:29:14 INFO: 3 [logterm: 2, index: 4, vote: 1] ignored MsgPreVote from 2 [logterm: 2, index: 4] at term 2: lease is not expired (remaining ticks: 10)
raft2026/09/05 12:29:14 INFO: 4 [logterm: 2, index: 4, vote: 0] cast MsgPreVote for 2 [logterm: 2, index: 4] at term 2
raft2026/09/05 12:29:14 INFO: 2 received MsgPreVoteResp from 2 at term 2
raft2026/09/05 12:29:14 INFO: 2 has received 1 MsgPreVoteResp votes and 0 vote rejections
raft2026/09/05 12:29:14 INFO: 2 received MsgPreVoteResp from 4 at term 2
raft2026/09/05 12:29:14 INFO: 2 has received 2 MsgPreVoteResp votes and 0 vote rejections
raft2026/09/05 12:29:14 INFO: 3 is starting a new election at term 2
raft2026/09/05 12:29:14 INFO: 3 became pre-candidate at term 2
raft2026/09/05 12:29:14 INFO: 3 [logterm: 2, index: 4] sent MsgPreVote request to 1 at term 2
raft2026/09/05 12:29:14 INFO: 3 [logterm: 2, index: 4] sent MsgPreVote request to 2 at term 2
raft2026/09/05 12:29:14 INFO: 3 [logterm: 2, index: 4] sent MsgPreVote request to 4 at term 2
raft2026/09/05 12:29:14 INFO: 2 [logterm: 2, index: 4, vote: 1] cast MsgPreVote for 3 [logterm: 2, index: 4] at term 2
raft2026/09/05 12:29:14 INFO: 4 [logterm: 2, index: 4, vote: 0] cast MsgPreVote for 3 [logterm: 2, index: 4] at term 2
raft2026/09/05 12:29:14 INFO: 3 received MsgPreVoteResp from 3 at term 2
raft2026/09/05 12:29:14 INFO: 3 has received 1 MsgPreVoteResp votes and 0 vote rejections
raft2026/09/05 12:29:14 INFO: 3 received MsgPreVoteResp from 2 at term 2
raft2026/09/05 12:29:14 INFO: 3 has received 2 MsgPreVoteResp votes and 0 vote rejections
raft2026/09/05 12:29:14 INFO: 3 received MsgPreVoteResp from 4 at term 2
raft2026/09/05 12:29:14 INFO: 3 has received 3 MsgPreVoteResp votes and 0 vote rejections
raft2026/09/05 12:29:14 INFO: 3 became candidate at term 3
raft2026/09/05 12:29:14 INFO: 3 [logterm: 2, index: 4] sent MsgVote request to 1 at term 3
raft2026/09/05 12:29:14 INFO: 3 [logterm: 2, index: 4] sent MsgVote request to 2 at term 3
raft2026/09/05 12:29:14 INFO: 3 [logterm: 2, index: 4] sent MsgVote request to 4 at term 3
raft2026/09/05 12:29:14 INFO: 2 [term: 2] received a MsgVote message with higher term from 3 [term: 3]
raft2026/09/05 12:29:14 INFO: 2 became follower at term 3
raft2026/09/05 12:29:14 INFO: 2 [logterm: 2, index: 4, vote: 0] cast MsgVote for 3 [logterm: 2, index: 4] at term 3
raft2026/09/05 12:29:14 INFO: 4 [term: 2] received a MsgVote message with higher term from 3 [term: 3]
raft2026/09/05 12:29:14 INFO: 4 became follower at term 3
raft2026/09/05 12:29:14 INFO: 4 [logterm: 2, index: 4, vote: 0] cast MsgVote for 3 [logterm: 2, index: 4] at term 3
raft2026/09/05 12:29:14 INFO: 3 received MsgVoteResp from 3 at term 3
raft2026/09/05 12:29:14 INFO: 3 has received 1 MsgVoteResp votes and 0 vote rejections
raft2026/09/05 12:29:14 INFO: 3 received MsgVoteResp from 2 at term 3
raft2026/09/05 12:29:14 INFO: 3 has received 2 MsgVoteResp votes and 0 vote rejections
raft2026/09/05 12:29:14 INFO: 3 received MsgVoteResp from 4 at term 3
raft2026/09/05 12:29:14 INFO: 3 has received 3 MsgVoteResp votes and 0 vote rejections
raft2026/09/05 12:29:14 INFO: 3 became leader at term 3
raft2026/09/05 12:29:14 INFO: 3 [term 3] starts to transfer leadership to 4
raft2026/09/05 12:29:14 INFO: 3 sends MsgTimeoutNow to 4 immediately as 4 already has up-to-date log
raft2026/09/05 12:29:14 INFO: 4 [term 3] received MsgTimeoutNow from 3 and starts an election to get leadership.
raft2026/09/05 12:29:14 INFO: 4 is starting a new election at term 3
raft2026/09/05 12:29:14 INFO: 4 became candidate at term 4
raft2026/09/05 12:29:14 INFO: 4 [logterm: 3, index: 5] sent MsgVote request to 1 at term 4
raft2026/09/05 12:29:14 INFO: 4 [logterm: 3, index: 5] sent MsgVote request to 2 at term 4
raft2026/09/05 12:29:14 INFO: 4 [logterm: 3, index: 5] sent MsgVote request to 3 at term 4
raft2026/09/05 12:29:14 INFO: 2 [term: 3] received a MsgVote message with higher term from 4 [term: 4]
raft2026/09/05 12:29:14 INFO: 2 became follower at term 4
raft2026/09/05 12:29:14 INFO: 2 [logterm: 3, index: 5, vote: 0] cast MsgVote for 4 [logterm: 3, index: 5] at term 4
raft2026/09/05 12:29:14 INFO: 3 [term: 3] received a MsgVote message with higher term from 4 [term: 4]
raft2026/09/05 12:29:14 INFO: 3 became follower at term 4
raft2026/09/05 12:29:14 INFO: 3 [logterm: 3, index: 5, vote: 0] cast MsgVote for 4 [logterm: 3, index: 5] at term 4
raft2026/09/05 12:29:14 INFO: 4 received MsgVoteResp from 4 at term 4
raft2026/09/05 12:29:14 INFO: 4 has received 1 MsgVoteResp votes and 0 vote rejections
raft2026/09/05 12:29:14 INFO: 4 received MsgVoteResp from 2 at term 4
raft2026/09/05 12:29:14 INFO: 4 has received 2 MsgVoteResp votes and 0 vote rejections
raft2026/09/05 12:29:14 INFO: 4 received MsgVoteResp from 3 at term 4
raft2026/09/05 12:29:14 INFO: 4 has received 3 MsgVoteResp votes and 0 vote rejections
raft2026/09/05 12:29:14 INFO: 4 became leader at term 4
raft2026/09/05 12:29:14 INFO: 4 switched to configuration voters=(2 3 4)
raft2026/09/05 12:29:14 INFO: 2 switched to configuration voters=(2 3 4)
raft2026/09/05 12:29:14 INFO: 3 switched to configuration voters=(2 3 4)
raft2026/09/05 12:29:14 INFO: 2 is starting a new election at term 4
raft2026/09/05 12:29:14 INFO: 2 became pre-candidate at term 4
raft2026/09/05 12:29:14 INFO: 2 [logterm: 4, index: 7] sent MsgPreVote request to 3 at term 4
raft2026/09/05 12:29:14 INFO: 2 [logterm: 4, index: 7] sent MsgPreVote request to 4 at term 4
raft2026/09/05 12:29:14 INFO: 3 [logterm: 4, index: 7, vote: 4] ignored MsgPreVote from 2 [logterm: 4, index: 7] at term 4: lease is not expired (remaining ticks: 10)
raft2026/09/05 12:29:14 INFO: 2 received MsgPreVoteResp from 2 at term 4
raft2026/09/05 12:29:14 INFO: 2 has received 1 MsgPreVoteResp votes and 0 vote rejections
raft2026/09/05 12:29:14 INFO: 2 is starting a new election at term 4
raft2026/09/05 12:29:14 INFO: 2 became pre-candidate at term 4
raft2026/09/05 12:29:14 INFO: 2 [logterm: 4, index: 7] sent MsgPreVote request to 3 at term 4
raft2026/09/05 12:29:14 INFO: 2 [logterm: 4, index: 7] sent MsgPreVote request to 4 at term 4
raft2026/09/05 12:29:14 INFO: 3 [logterm: 4, index: 7, vote: 4] ignored MsgPreVote from 2 [logterm: 4, index: 7] at term 4: lease is not expired (remaining ticks: 10)
raft2026/09/05 12:29:14 INFO: 2 received MsgPreVoteResp from 2 at term 4
raft2026/09/05 12:29:14 INFO: 2 has received 1 MsgPreVoteResp votes and 0 vote rejections
raft2026/09/05 12:29:14 INFO: 3 is starting a new election at term 4
raft2026/09/05 12:29:14 INFO: 3 became pre-candidate at term 4
raft2026/09/05 12:29:14 INFO: 3 [logterm: 4, index: 7] sent MsgPreVote request to 2 at term 4
raft2026/09/05 12:29:14 INFO: 3 [logterm: 4, index: 7] sent MsgPreVote request to 4 at term 4
raft2026/09/05 12:29:14 INFO: 2 [logterm: 4, index: 7, vote: 4] cast MsgPreVote for 3 [logterm: 4, index: 7] at term 4
raft2026/09/05 12:29:14 INFO: 3 received MsgPreVoteResp from 3 at term 4
raft2026/09/05 12:29:14 INFO: 3 has received 1 MsgPreVoteResp votes and 0 vote rejections
raft2026/09/05 12:29:14 INFO: 3 received MsgPreVoteResp from 2 at term 4
raft2026/09/05 12:29:14 INFO: 3 has received 2 MsgPreVoteResp votes and 0 vote rejections
raft2026/09/05 12:29:14 INFO: 3 became candidate at term 5
raft2026/09/05 12:29:14 INFO: 3 [logterm: 4, index: 7] sent MsgVote request to 2 at term 5
raft2026/09/05 12:29:14 INFO: 3 [logterm: 4, index: 7] sent MsgVote request to 4 at term 5
raft2026/09/05 12:29:14 INFO: 2 [term: 4] received a MsgVote message with higher term from 3 [term: 5]
raft2026/09/05 12:29:14 INFO: 2 became follower at term 5
raft2026/09/05 12:29:14 INFO: 2 [logterm: 4, index: 7, vote: 0] cast MsgVote for 3 [logterm: 4, index: 7] at term 5
raft2026/09/05 12:29:14 INFO: 3 received MsgVoteResp from 3 at term 5
raft2026/09/05 12:29:14 INFO: 3 has received 1 MsgVoteResp votes and 0 vote rejections
raft2026/09/05 12:29:14 INFO: 3 received MsgVoteResp from 2 at term 5
raft2026/09/05 12:29:14 INFO: 3 has received 2 MsgVoteResp votes and 0 vote rejections
raft2026/09/05 12:29:14 INFO: 3 became leader at term 5
raft2026/09/05 12:29:14 INFO: 4 switched to configuration voters=(2 3 4)
raft2026/09/05 12:29:14 INFO: 4 became follower at term 4
raft2026/09/05 12:29:14 INFO: newRaft 4 [peers: [2,3,4], term: 4, commit: 7, applied: 7, lastindex: 7, lastterm: 4]
raft2026/09/05 12:29:14 INFO: 4 [term: 4] received a MsgHeartbeat message with higher term from 3 [term: 5]
raft2026/09/05 12:29:14 INFO: 4 became follower at term 5
--- PASS: TestThreeRealHostsOrderLearnerCatchUpBeforePromotion (0.15s)
=== RUN   TestRealTransferLearnerSetupReopensBeforeRuntimeIncarnation
--- PASS: TestRealTransferLearnerSetupReopensBeforeRuntimeIncarnation (0.01s)
=== RUN   TestRealTransferGrantLearnerRequiresProgressedCut
--- PASS: TestRealTransferGrantLearnerRequiresProgressedCut (0.00s)
=== RUN   TestHostPublishesOnlyAuthoritativeCommitMetricDeltas
--- PASS: TestHostPublishesOnlyAuthoritativeCommitMetricDeltas (0.00s)
=== RUN   TestHostUsesOneReadyWorkspaceAndExplicitSettlementSinkAtMaximumDensity
    host_test.go:393: ReadyWorkspace=11032B Host=11312B groups=4096
--- PASS: TestHostUsesOneReadyWorkspaceAndExplicitSettlementSinkAtMaximumDensity (0.00s)
=== RUN   TestNewHostRejectsUnboundedAndRelationalLimitsBeforeAllocation
--- PASS: TestNewHostRejectsUnboundedAndRelationalLimitsBeforeAllocation (0.00s)
=== RUN   TestHostAddOwnershipAndQueueBounds
--- PASS: TestHostAddOwnershipAndQueueBounds (0.00s)
=== RUN   TestHostQueueDetachesAndRotatesInputClasses
--- PASS: TestHostQueueDetachesAndRotatesInputClasses (0.00s)
=== RUN   TestHostLateJoinsOneProposalBeforeCapturingReady
--- PASS: TestHostLateJoinsOneProposalBeforeCapturingReady (0.00s)
=== RUN   TestHostLateJoinMarkerSurvivesRetainedLifecycleTurn
--- PASS: TestHostLateJoinMarkerSurvivesRetainedLifecycleTurn (0.00s)
=== RUN   TestHostLateJoinYieldsToNextInputClass
=== RUN   TestHostLateJoinYieldsToNextInputClass/message
=== RUN   TestHostLateJoinYieldsToNextInputClass/tick
=== RUN   TestHostLateJoinYieldsToNextInputClass/campaign
--- PASS: TestHostLateJoinYieldsToNextInputClass (0.00s)
    --- PASS: TestHostLateJoinYieldsToNextInputClass/message (0.00s)
    --- PASS: TestHostLateJoinYieldsToNextInputClass/tick (0.00s)
    --- PASS: TestHostLateJoinYieldsToNextInputClass/campaign (0.00s)
=== RUN   TestHostLateJoinOversizedProposalWaitsForCapture
--- PASS: TestHostLateJoinOversizedProposalWaitsForCapture (0.00s)
=== RUN   TestHostSurfacesMembershipReadControlsAndOutcomes
--- PASS: TestHostSurfacesMembershipReadControlsAndOutcomes (0.00s)
=== RUN   TestHostReadIndexReadyRefusalRewakesRuntime
--- PASS: TestHostReadIndexReadyRefusalRewakesRuntime (0.00s)
=== RUN   TestHostAdoptMessageTransfersExactOwnedMessageOnlyOnSuccess
--- PASS: TestHostAdoptMessageTransfersExactOwnedMessageOnlyOnSuccess (0.00s)
=== RUN   TestHostIdleGroupLeavesRunnableQueue
--- PASS: TestHostIdleGroupLeavesRunnableQueue (0.00s)
=== RUN   TestHostSchemaQuiescenceLatchesAdmissionUntilQueuedWorkDrains
--- PASS: TestHostSchemaQuiescenceLatchesAdmissionUntilQueuedWorkDrains (0.00s)
=== RUN   TestHostSchemaQuiescenceRefusalRewakesUncountedRuntimeReady
--- PASS: TestHostSchemaQuiescenceRefusalRewakesUncountedRuntimeReady (0.00s)
=== RUN   TestHostCommittedSchemaFenceKeepsRaftHeartbeatsAlive
--- PASS: TestHostCommittedSchemaFenceKeepsRaftHeartbeatsAlive (0.00s)
=== RUN   TestHostRunnableQueueReusesCapacityWithoutAllocation
--- PASS: TestHostRunnableQueueReusesCapacityWithoutAllocation (0.00s)
=== RUN   TestHostReadyFirstAndGroupRoundRobin
--- PASS: TestHostReadyFirstAndGroupRoundRobin (0.00s)
=== RUN   TestHostProposalBatchPreservesGroupAndInputClassFairness
--- PASS: TestHostProposalBatchPreservesGroupAndInputClassFairness (0.00s)
=== RUN   TestHostTrackedProposalBatchUsesOneRuntimeCallAndFallsBackAtomically
=== RUN   TestHostTrackedProposalBatchUsesOneRuntimeCallAndFallsBackAtomically/multi-entry
=== RUN   TestHostTrackedProposalBatchUsesOneRuntimeCallAndFallsBackAtomically/fallback
--- PASS: TestHostTrackedProposalBatchUsesOneRuntimeCallAndFallsBackAtomically (0.00s)
    --- PASS: TestHostTrackedProposalBatchUsesOneRuntimeCallAndFallsBackAtomically/multi-entry (0.00s)
    --- PASS: TestHostTrackedProposalBatchUsesOneRuntimeCallAndFallsBackAtomically/fallback (0.00s)
=== RUN   TestHostProposalBatchByteTargetAndOversizedFirst
=== RUN   TestHostProposalBatchByteTargetAndOversizedFirst/exact_target
=== RUN   TestHostProposalBatchByteTargetAndOversizedFirst/oversized_first
--- PASS: TestHostProposalBatchByteTargetAndOversizedFirst (0.00s)
    --- PASS: TestHostProposalBatchByteTargetAndOversizedFirst/exact_target (0.00s)
    --- PASS: TestHostProposalBatchByteTargetAndOversizedFirst/oversized_first (0.00s)
=== RUN   TestHostOutboxBackpressureDoesNotStarveAnotherGroup
--- PASS: TestHostOutboxBackpressureDoesNotStarveAnotherGroup (0.00s)
=== RUN   TestHostConsumesInvalidInputAndLatchesRuntimeFailureOnce
--- PASS: TestHostConsumesInvalidInputAndLatchesRuntimeFailureOnce (0.00s)
=== RUN   TestHostProposalFaultRetainsConsumedPrefixAccounting
--- PASS: TestHostProposalFaultRetainsConsumedPrefixAccounting (0.00s)
=== RUN   TestHostRejectsClosedRuntimeAndMisroutedMessageBeforeCharge
--- PASS: TestHostRejectsClosedRuntimeAndMisroutedMessageBeforeCharge (0.00s)
=== RUN   TestHostRetriesNonterminalReadyErrorWithoutDroppingPhase
--- PASS: TestHostRetriesNonterminalReadyErrorWithoutDroppingPhase (0.00s)
=== RUN   TestHostRejectsRecursiveMessageBeforeCloneAndRetriesClose
--- PASS: TestHostRejectsRecursiveMessageBeforeCloneAndRetriesClose (0.00s)
=== RUN   TestHostRemoveRequiresQuiescenceRetriesCloseAndReusesCapacity
--- PASS: TestHostRemoveRequiresQuiescenceRetriesCloseAndReusesCapacity (0.00s)
=== RUN   TestServingHostRemoveTerminatesClosesThenRetriesSourceRelease
--- PASS: TestServingHostRemoveTerminatesClosesThenRetriesSourceRelease (0.00s)
=== RUN   TestServingHostMalformedClaimTokenIsTrackedUntilRelease
--- PASS: TestServingHostMalformedClaimTokenIsTrackedUntilRelease (0.00s)
=== RUN   TestHostTrackedProposalLifecyclePreservesAcceptedPrefixAndProgress
--- PASS: TestHostTrackedProposalLifecyclePreservesAcceptedPrefixAndProgress (0.00s)
=== RUN   TestHostFaultPurgeTerminatesEveryTrackedQueueToken
--- PASS: TestHostFaultPurgeTerminatesEveryTrackedQueueToken (0.00s)
=== RUN   TestHostClosePendingSettlementPreflightLeavesEveryGroupRunnable
--- PASS: TestHostClosePendingSettlementPreflightLeavesEveryGroupRunnable (0.00s)
=== RUN   TestHostRemovePendingSettlementPreflightDoesNotRetireGroup
--- PASS: TestHostRemovePendingSettlementPreflightDoesNotRetireGroup (0.00s)
=== RUN   TestHostTrackedProposalRequiresAtomicServingSinkAndQueueCapacity
--- PASS: TestHostTrackedProposalRequiresAtomicServingSinkAndQueueCapacity (0.00s)
=== RUN   TestHostTrackedLeadershipFencesFollowerAndTerminatesOldLeaderBeforeRetry
--- PASS: TestHostTrackedLeadershipFencesFollowerAndTerminatesOldLeaderBeforeRetry (0.00s)
=== RUN   TestHostTrackedLeadershipStopsStatusChecksAfterLastPendingAttempt
--- PASS: TestHostTrackedLeadershipStopsStatusChecksAfterLastPendingAttempt (0.00s)
=== RUN   TestHostTrackedProposalRunOneWarmAllocations
--- PASS: TestHostTrackedProposalRunOneWarmAllocations (0.00s)
=== RUN   TestHostRejectedTimerLeavesAdmittedTicksAndMessagesExact
--- PASS: TestHostRejectedTimerLeavesAdmittedTicksAndMessagesExact (0.00s)
=== RUN   TestDecodedTransportMessageTransfersIntoHostWithoutSecondClone
--- PASS: TestDecodedTransportMessageTransfersIntoHostWithoutSecondClone (0.00s)
=== RUN   TestDecodedLeaderTransferMessageReachesHostQueue
--- PASS: TestDecodedLeaderTransferMessageReachesHostQueue (0.00s)
=== RUN   TestExecutionLanesDeterministicAssignmentAndValidation
--- PASS: TestExecutionLanesDeterministicAssignmentAndValidation (0.00s)
=== RUN   TestExecutionLaneOwnerViewRejectsCrossLaneIngress
--- PASS: TestExecutionLaneOwnerViewRejectsCrossLaneIngress (0.00s)
=== RUN   TestExecutionLanesEnforceDistinctGroupAndAggregateByteBounds
--- PASS: TestExecutionLanesEnforceDistinctGroupAndAggregateByteBounds (0.00s)
=== RUN   TestExecutionLanesEnforceIndependentQueueAndByteAdmission
--- PASS: TestExecutionLanesEnforceIndependentQueueAndByteAdmission (0.00s)
=== RUN   TestExecutionLanesQueryWrappersUseOwningLane
--- PASS: TestExecutionLanesQueryWrappersUseOwningLane (0.00s)
=== RUN   TestExecutionLanesHotGroupCannotBlockAnotherLane
--- PASS: TestExecutionLanesHotGroupCannotBlockAnotherLane (0.00s)
=== RUN   TestExecutionLanesPreserveExactGroupInputOrder
--- PASS: TestExecutionLanesPreserveExactGroupInputOrder (0.00s)
=== RUN   TestExecutionLanesCloseWaitsForInFlightLaneOwnership
--- PASS: TestExecutionLanesCloseWaitsForInFlightLaneOwnership (0.02s)
=== RUN   TestExecutionLanesClosePendingSettlementPreflightIsAtomic
--- PASS: TestExecutionLanesClosePendingSettlementPreflightIsAtomic (0.00s)
=== RUN   TestExecutionLanesClosePreflightWaitsForInFlightSettlementRetry
--- PASS: TestExecutionLanesClosePreflightWaitsForInFlightSettlementRetry (0.02s)
=== RUN   TestExecutionLanesCloseOwnsEveryRuntimeAndRetriesFailures
--- PASS: TestExecutionLanesCloseOwnsEveryRuntimeAndRetriesFailures (0.00s)
=== RUN   TestExecutionLanesStatsIntoReusesCapacityWithoutAllocating
--- PASS: TestExecutionLanesStatsIntoReusesCapacityWithoutAllocating (0.00s)
=== RUN   TestExecutionLanesConcurrentStatsWorkAndClose
--- PASS: TestExecutionLanesConcurrentStatsWorkAndClose (0.01s)
=== RUN   TestExecutionLanesWarmTickHasNoAllocations
--- PASS: TestExecutionLanesWarmTickHasNoAllocations (0.00s)
=== RUN   TestHostAuthorityIngressOwnsFixedRecordAndOutbound
--- PASS: TestHostAuthorityIngressOwnsFixedRecordAndOutbound (0.00s)
=== RUN   TestHostAuthorityIngressRequiresOptInAndHonorsQueueBounds
--- PASS: TestHostAuthorityIngressRequiresOptInAndHonorsQueueBounds (0.00s)
PASS
