cockroachdb point_hit c=1 rep=1 5157.3 ops/s p99=0.281ms errors=0 verified=true
cockroachdb point_hit c=1 rep=2 5312.8 ops/s p99=0.268ms errors=0 verified=true
cockroachdb point_hit c=1 rep=3 5131.7 ops/s p99=0.347ms errors=0 verified=true
cockroachdb point_hit c=8 rep=1 32957.9 ops/s p99=0.383ms errors=0 verified=true
cockroachdb point_hit c=8 rep=2 31407.6 ops/s p99=0.474ms errors=0 verified=true
cockroachdb point_hit c=8 rep=3 31965.6 ops/s p99=0.379ms errors=0 verified=true
cockroachdb point_miss c=1 rep=1 5390.3 ops/s p99=0.266ms errors=0 verified=true
cockroachdb point_miss c=1 rep=2 5213.9 ops/s p99=0.278ms errors=0 verified=true
cockroachdb point_miss c=1 rep=3 5342.4 ops/s p99=0.263ms errors=0 verified=true
cockroachdb point_miss c=8 rep=1 34199.4 ops/s p99=0.360ms errors=0 verified=true
cockroachdb point_miss c=8 rep=2 33904.1 ops/s p99=0.355ms errors=0 verified=true
cockroachdb point_miss c=8 rep=3 33727.2 ops/s p99=0.358ms errors=0 verified=true
cockroachdb range_64 c=1 rep=1 3608.6 ops/s p99=0.378ms errors=0 verified=true
cockroachdb range_64 c=1 rep=2 3551.2 ops/s p99=0.403ms errors=0 verified=true
cockroachdb range_64 c=1 rep=3 3461.4 ops/s p99=0.555ms errors=0 verified=true
cockroachdb range_64 c=8 rep=1 22852.8 ops/s p99=0.659ms errors=0 verified=true
cockroachdb range_64 c=8 rep=2 23494.1 ops/s p99=0.635ms errors=0 verified=true
cockroachdb range_64 c=8 rep=3 23092.4 ops/s p99=0.736ms errors=0 verified=true
cockroachdb group_16 c=1 rep=1 407.9 ops/s p99=4.271ms errors=0 verified=true
cockroachdb group_16 c=1 rep=2 403.8 ops/s p99=4.107ms errors=0 verified=true
cockroachdb group_16 c=1 rep=3 403.8 ops/s p99=4.081ms errors=0 verified=true
cockroachdb group_16 c=8 rep=1 1765.1 ops/s p99=12.825ms errors=0 verified=true
cockroachdb group_16 c=8 rep=2 2412.8 ops/s p99=7.894ms errors=0 verified=true
cockroachdb group_16 c=8 rep=3 2420.1 ops/s p99=7.548ms errors=0 verified=true
cockroachdb update_existing c=1 rep=1 1000.1 ops/s p99=1.492ms errors=0 verified=true
cockroachdb update_existing c=1 rep=2 929.6 ops/s p99=1.566ms errors=0 verified=true
cockroachdb update_existing c=1 rep=3 927.8 ops/s p99=1.445ms errors=0 verified=true
cockroachdb update_existing c=8 rep=1 3768.0 ops/s p99=3.723ms errors=0 verified=true
cockroachdb update_existing c=8 rep=2 4477.6 ops/s p99=2.510ms errors=0 verified=true
cockroachdb update_existing c=8 rep=3 4179.8 ops/s p99=2.680ms errors=0 verified=true
