vibedb point_hit c=1 rep=1 2198.3 ops/s p99=0.843ms errors=0 verified=true
vibedb point_hit c=1 rep=2 2011.5 ops/s p99=0.989ms errors=0 verified=true
vibedb point_hit c=1 rep=3 2161.9 ops/s p99=0.917ms errors=0 verified=true
vibedb point_hit c=8 rep=1 6366.9 ops/s p99=3.591ms errors=0 verified=true
vibedb point_hit c=8 rep=2 6567.3 ops/s p99=3.232ms errors=0 verified=true
vibedb point_hit c=8 rep=3 6627.8 ops/s p99=3.331ms errors=0 verified=true
vibedb point_miss c=1 rep=1 2168.1 ops/s p99=0.920ms errors=0 verified=true
vibedb point_miss c=1 rep=2 2174.6 ops/s p99=0.900ms errors=0 verified=true
vibedb point_miss c=1 rep=3 2166.9 ops/s p99=0.872ms errors=0 verified=true
vibedb point_miss c=8 rep=1 6508.1 ops/s p99=3.272ms errors=0 verified=true
vibedb point_miss c=8 rep=2 6547.2 ops/s p99=3.328ms errors=0 verified=true
vibedb point_miss c=8 rep=3 6606.2 ops/s p99=3.044ms errors=0 verified=true
vibedb range_64 c=1 rep=1 1381.2 ops/s p99=1.226ms errors=0 verified=true
vibedb range_64 c=1 rep=2 1380.7 ops/s p99=1.182ms errors=0 verified=true
vibedb range_64 c=1 rep=3 1431.3 ops/s p99=1.211ms errors=0 verified=true
vibedb range_64 c=8 rep=1 4081.3 ops/s p99=6.879ms errors=0 verified=true
vibedb range_64 c=8 rep=2 4226.9 ops/s p99=6.126ms errors=0 verified=true
vibedb range_64 c=8 rep=3 4348.2 ops/s p99=6.021ms errors=0 verified=true
vibedb group_16 c=1 rep=1 163.5 ops/s p99=9.809ms errors=0 verified=true
vibedb group_16 c=1 rep=2 169.6 ops/s p99=7.428ms errors=0 verified=true
vibedb group_16 c=1 rep=3 175.5 ops/s p99=6.960ms errors=0 verified=true
vibedb group_16 c=8 rep=1 349.7 ops/s p99=57.001ms errors=0 verified=true
vibedb group_16 c=8 rep=2 337.2 ops/s p99=61.344ms errors=0 verified=true
vibedb group_16 c=8 rep=3 348.8 ops/s p99=59.062ms errors=0 verified=true
vibedb update_existing c=1 rep=1 204.8 ops/s p99=15.832ms errors=0 verified=true
vibedb update_existing c=1 rep=2 200.3 ops/s p99=16.342ms errors=0 verified=true
vibedb update_existing c=1 rep=3 210.9 ops/s p99=15.528ms errors=0 verified=true
vibedb update_existing c=8 rep=1 1624.5 ops/s p99=16.814ms errors=1 verified=false
benchmark failed: operation errors; trial is not a valid throughput result
