=== RUN   TestAuthenticatedThreeVoterServingPutSurvivesLeaderLossAndExactRetry
raft2026/09/05 14:31:41 INFO: 1 switched to configuration voters=(1 2 3)
raft2026/09/05 14:31:41 INFO: 1 became follower at term 1
raft2026/09/05 14:31:41 INFO: newRaft 1 [peers: [1,2,3], term: 1, commit: 1, applied: 1, lastindex: 1, lastterm: 1]
raft2026/09/05 14:31:42 INFO: 2 switched to configuration voters=(1 2 3)
raft2026/09/05 14:31:42 INFO: 2 became follower at term 1
raft2026/09/05 14:31:42 INFO: newRaft 2 [peers: [1,2,3], term: 1, commit: 1, applied: 1, lastindex: 1, lastterm: 1]
raft2026/09/05 14:31:42 INFO: 3 switched to configuration voters=(1 2 3)
raft2026/09/05 14:31:42 INFO: 3 became follower at term 1
raft2026/09/05 14:31:42 INFO: newRaft 3 [peers: [1,2,3], term: 1, commit: 1, applied: 1, lastindex: 1, lastterm: 1]
raft2026/09/05 14:31:42 INFO: 1 is starting a new election at term 1
raft2026/09/05 14:31:42 INFO: 1 became pre-candidate at term 1
raft2026/09/05 14:31:42 INFO: 1 [logterm: 1, index: 1] sent MsgPreVote request to 2 at term 1
raft2026/09/05 14:31:42 INFO: 1 [logterm: 1, index: 1] sent MsgPreVote request to 3 at term 1
raft2026/09/05 14:31:42 INFO: 1 received MsgPreVoteResp from 1 at term 1
raft2026/09/05 14:31:42 INFO: 1 has received 1 MsgPreVoteResp votes and 0 vote rejections
raft2026/09/05 14:31:42 INFO: 2 [logterm: 1, index: 1, vote: 0] cast MsgPreVote for 1 [logterm: 1, index: 1] at term 1
raft2026/09/05 14:31:42 INFO: 3 [logterm: 1, index: 1, vote: 0] cast MsgPreVote for 1 [logterm: 1, index: 1] at term 1
raft2026/09/05 14:31:42 INFO: 1 received MsgPreVoteResp from 2 at term 1
raft2026/09/05 14:31:42 INFO: 1 has received 2 MsgPreVoteResp votes and 0 vote rejections
raft2026/09/05 14:31:42 INFO: 1 became candidate at term 2
raft2026/09/05 14:31:42 INFO: 1 [logterm: 1, index: 1] sent MsgVote request to 2 at term 2
raft2026/09/05 14:31:42 INFO: 1 [logterm: 1, index: 1] sent MsgVote request to 3 at term 2
raft2026/09/05 14:31:42 INFO: 1 received MsgVoteResp from 1 at term 2
raft2026/09/05 14:31:42 INFO: 1 has received 1 MsgVoteResp votes and 0 vote rejections
raft2026/09/05 14:31:42 INFO: 3 [term: 1] received a MsgVote message with higher term from 1 [term: 2]
raft2026/09/05 14:31:42 INFO: 3 became follower at term 2
raft2026/09/05 14:31:42 INFO: 3 [logterm: 1, index: 1, vote: 0] cast MsgVote for 1 [logterm: 1, index: 1] at term 2
raft2026/09/05 14:31:42 INFO: 2 [term: 1] received a MsgVote message with higher term from 1 [term: 2]
raft2026/09/05 14:31:42 INFO: 2 became follower at term 2
raft2026/09/05 14:31:42 INFO: 2 [logterm: 1, index: 1, vote: 0] cast MsgVote for 1 [logterm: 1, index: 1] at term 2
raft2026/09/05 14:31:42 INFO: 1 received MsgVoteResp from 3 at term 2
raft2026/09/05 14:31:42 INFO: 1 has received 2 MsgVoteResp votes and 0 vote rejections
raft2026/09/05 14:31:42 INFO: 1 became leader at term 2
raft2026/09/05 14:31:42 INFO: 2 is starting a new election at term 2
raft2026/09/05 14:31:42 INFO: 2 became pre-candidate at term 2
raft2026/09/05 14:31:42 INFO: 2 [logterm: 2, index: 5] sent MsgPreVote request to 1 at term 2
raft2026/09/05 14:31:42 INFO: 2 [logterm: 2, index: 5] sent MsgPreVote request to 3 at term 2
raft2026/09/05 14:31:42 INFO: 2 received MsgPreVoteResp from 2 at term 2
raft2026/09/05 14:31:42 INFO: 2 has received 1 MsgPreVoteResp votes and 0 vote rejections
raft2026/09/05 14:31:42 INFO: 3 [logterm: 2, index: 5, vote: 1] ignored MsgPreVote from 2 [logterm: 2, index: 5] at term 2: lease is not expired (remaining ticks: 9)
raft2026/09/05 14:31:42 INFO: 3 is starting a new election at term 2
raft2026/09/05 14:31:42 INFO: 3 became pre-candidate at term 2
raft2026/09/05 14:31:42 INFO: 3 [logterm: 2, index: 5] sent MsgPreVote request to 1 at term 2
raft2026/09/05 14:31:42 INFO: 3 [logterm: 2, index: 5] sent MsgPreVote request to 2 at term 2
raft2026/09/05 14:31:42 INFO: 3 received MsgPreVoteResp from 3 at term 2
raft2026/09/05 14:31:42 INFO: 3 has received 1 MsgPreVoteResp votes and 0 vote rejections
raft2026/09/05 14:31:42 INFO: 2 [logterm: 2, index: 5, vote: 1] cast MsgPreVote for 3 [logterm: 2, index: 5] at term 2
raft2026/09/05 14:31:42 INFO: 3 received MsgPreVoteResp from 2 at term 2
raft2026/09/05 14:31:42 INFO: 3 has received 2 MsgPreVoteResp votes and 0 vote rejections
raft2026/09/05 14:31:42 INFO: 3 became candidate at term 3
raft2026/09/05 14:31:42 INFO: 3 [logterm: 2, index: 5] sent MsgVote request to 1 at term 3
raft2026/09/05 14:31:42 INFO: 3 [logterm: 2, index: 5] sent MsgVote request to 2 at term 3
raft2026/09/05 14:31:42 INFO: 3 received MsgVoteResp from 3 at term 3
raft2026/09/05 14:31:42 INFO: 3 has received 1 MsgVoteResp votes and 0 vote rejections
raft2026/09/05 14:31:42 INFO: 2 [term: 2] received a MsgVote message with higher term from 3 [term: 3]
raft2026/09/05 14:31:42 INFO: 2 became follower at term 3
raft2026/09/05 14:31:42 INFO: 2 [logterm: 2, index: 5, vote: 0] cast MsgVote for 3 [logterm: 2, index: 5] at term 3
raft2026/09/05 14:31:42 INFO: 3 received MsgVoteResp from 2 at term 3
raft2026/09/05 14:31:42 INFO: 3 has received 2 MsgVoteResp votes and 0 vote rejections
raft2026/09/05 14:31:42 INFO: 3 became leader at term 3
--- PASS: TestAuthenticatedThreeVoterServingPutSurvivesLeaderLossAndExactRetry (1.03s)
=== RUN   TestAuthenticatedThreeVoterServingPutSurvivesLeaderLossAndExactRetry
raft2026/09/05 14:31:42 INFO: 1 switched to configuration voters=(1 2 3)
raft2026/09/05 14:31:42 INFO: 1 became follower at term 1
raft2026/09/05 14:31:42 INFO: newRaft 1 [peers: [1,2,3], term: 1, commit: 1, applied: 1, lastindex: 1, lastterm: 1]
raft2026/09/05 14:31:43 INFO: 2 switched to configuration voters=(1 2 3)
raft2026/09/05 14:31:43 INFO: 2 became follower at term 1
raft2026/09/05 14:31:43 INFO: newRaft 2 [peers: [1,2,3], term: 1, commit: 1, applied: 1, lastindex: 1, lastterm: 1]
raft2026/09/05 14:31:43 INFO: 3 switched to configuration voters=(1 2 3)
raft2026/09/05 14:31:43 INFO: 3 became follower at term 1
raft2026/09/05 14:31:43 INFO: newRaft 3 [peers: [1,2,3], term: 1, commit: 1, applied: 1, lastindex: 1, lastterm: 1]
raft2026/09/05 14:31:43 INFO: 1 is starting a new election at term 1
raft2026/09/05 14:31:43 INFO: 1 became pre-candidate at term 1
raft2026/09/05 14:31:43 INFO: 1 [logterm: 1, index: 1] sent MsgPreVote request to 2 at term 1
raft2026/09/05 14:31:43 INFO: 1 [logterm: 1, index: 1] sent MsgPreVote request to 3 at term 1
raft2026/09/05 14:31:43 INFO: 1 received MsgPreVoteResp from 1 at term 1
raft2026/09/05 14:31:43 INFO: 1 has received 1 MsgPreVoteResp votes and 0 vote rejections
raft2026/09/05 14:31:43 INFO: 2 [logterm: 1, index: 1, vote: 0] cast MsgPreVote for 1 [logterm: 1, index: 1] at term 1
raft2026/09/05 14:31:43 INFO: 3 [logterm: 1, index: 1, vote: 0] cast MsgPreVote for 1 [logterm: 1, index: 1] at term 1
raft2026/09/05 14:31:43 INFO: 1 received MsgPreVoteResp from 2 at term 1
raft2026/09/05 14:31:43 INFO: 1 has received 2 MsgPreVoteResp votes and 0 vote rejections
raft2026/09/05 14:31:43 INFO: 1 became candidate at term 2
raft2026/09/05 14:31:43 INFO: 1 [logterm: 1, index: 1] sent MsgVote request to 2 at term 2
raft2026/09/05 14:31:43 INFO: 1 [logterm: 1, index: 1] sent MsgVote request to 3 at term 2
raft2026/09/05 14:31:43 INFO: 1 received MsgVoteResp from 1 at term 2
raft2026/09/05 14:31:43 INFO: 1 has received 1 MsgVoteResp votes and 0 vote rejections
raft2026/09/05 14:31:43 INFO: 3 [term: 1] received a MsgVote message with higher term from 1 [term: 2]
raft2026/09/05 14:31:43 INFO: 3 became follower at term 2
raft2026/09/05 14:31:43 INFO: 3 [logterm: 1, index: 1, vote: 0] cast MsgVote for 1 [logterm: 1, index: 1] at term 2
raft2026/09/05 14:31:43 INFO: 2 [term: 1] received a MsgVote message with higher term from 1 [term: 2]
raft2026/09/05 14:31:43 INFO: 2 became follower at term 2
raft2026/09/05 14:31:43 INFO: 2 [logterm: 1, index: 1, vote: 0] cast MsgVote for 1 [logterm: 1, index: 1] at term 2
raft2026/09/05 14:31:43 INFO: 1 received MsgVoteResp from 3 at term 2
raft2026/09/05 14:31:43 INFO: 1 has received 2 MsgVoteResp votes and 0 vote rejections
raft2026/09/05 14:31:43 INFO: 1 became leader at term 2
raft2026/09/05 14:31:43 INFO: 2 is starting a new election at term 2
raft2026/09/05 14:31:43 INFO: 2 became pre-candidate at term 2
raft2026/09/05 14:31:43 INFO: 2 [logterm: 2, index: 5] sent MsgPreVote request to 1 at term 2
raft2026/09/05 14:31:43 INFO: 2 [logterm: 2, index: 5] sent MsgPreVote request to 3 at term 2
raft2026/09/05 14:31:43 INFO: 2 received MsgPreVoteResp from 2 at term 2
raft2026/09/05 14:31:43 INFO: 2 has received 1 MsgPreVoteResp votes and 0 vote rejections
raft2026/09/05 14:31:43 INFO: 3 [logterm: 2, index: 5, vote: 1] ignored MsgPreVote from 2 [logterm: 2, index: 5] at term 2: lease is not expired (remaining ticks: 9)
raft2026/09/05 14:31:43 INFO: 2 is starting a new election at term 2
raft2026/09/05 14:31:43 INFO: 2 became pre-candidate at term 2
raft2026/09/05 14:31:43 INFO: 2 [logterm: 2, index: 5] sent MsgPreVote request to 1 at term 2
raft2026/09/05 14:31:43 INFO: 2 [logterm: 2, index: 5] sent MsgPreVote request to 3 at term 2
raft2026/09/05 14:31:43 INFO: 2 received MsgPreVoteResp from 2 at term 2
raft2026/09/05 14:31:43 INFO: 2 has received 1 MsgPreVoteResp votes and 0 vote rejections
raft2026/09/05 14:31:43 INFO: 3 [logterm: 2, index: 5, vote: 1] cast MsgPreVote for 2 [logterm: 2, index: 5] at term 2
raft2026/09/05 14:31:43 INFO: 2 received MsgPreVoteResp from 3 at term 2
raft2026/09/05 14:31:43 INFO: 2 has received 2 MsgPreVoteResp votes and 0 vote rejections
raft2026/09/05 14:31:43 INFO: 2 became candidate at term 3
raft2026/09/05 14:31:43 INFO: 2 [logterm: 2, index: 5] sent MsgVote request to 1 at term 3
raft2026/09/05 14:31:43 INFO: 2 [logterm: 2, index: 5] sent MsgVote request to 3 at term 3
raft2026/09/05 14:31:43 INFO: 2 received MsgVoteResp from 2 at term 3
raft2026/09/05 14:31:43 INFO: 2 has received 1 MsgVoteResp votes and 0 vote rejections
raft2026/09/05 14:31:43 INFO: 3 [term: 2] received a MsgVote message with higher term from 2 [term: 3]
raft2026/09/05 14:31:43 INFO: 3 became follower at term 3
raft2026/09/05 14:31:43 INFO: 3 [logterm: 2, index: 5, vote: 0] cast MsgVote for 2 [logterm: 2, index: 5] at term 3
raft2026/09/05 14:31:43 INFO: 2 received MsgVoteResp from 3 at term 3
raft2026/09/05 14:31:43 INFO: 2 has received 2 MsgVoteResp votes and 0 vote rejections
raft2026/09/05 14:31:43 INFO: 2 became leader at term 3
--- PASS: TestAuthenticatedThreeVoterServingPutSurvivesLeaderLossAndExactRetry (0.96s)
=== RUN   TestAuthenticatedThreeVoterServingPutSurvivesLeaderLossAndExactRetry
raft2026/09/05 14:31:43 INFO: 1 switched to configuration voters=(1 2 3)
raft2026/09/05 14:31:43 INFO: 1 became follower at term 1
raft2026/09/05 14:31:43 INFO: newRaft 1 [peers: [1,2,3], term: 1, commit: 1, applied: 1, lastindex: 1, lastterm: 1]
raft2026/09/05 14:31:43 INFO: 2 switched to configuration voters=(1 2 3)
raft2026/09/05 14:31:43 INFO: 2 became follower at term 1
raft2026/09/05 14:31:43 INFO: newRaft 2 [peers: [1,2,3], term: 1, commit: 1, applied: 1, lastindex: 1, lastterm: 1]
raft2026/09/05 14:31:44 INFO: 3 switched to configuration voters=(1 2 3)
raft2026/09/05 14:31:44 INFO: 3 became follower at term 1
raft2026/09/05 14:31:44 INFO: newRaft 3 [peers: [1,2,3], term: 1, commit: 1, applied: 1, lastindex: 1, lastterm: 1]
raft2026/09/05 14:31:44 INFO: 1 is starting a new election at term 1
raft2026/09/05 14:31:44 INFO: 1 became pre-candidate at term 1
raft2026/09/05 14:31:44 INFO: 1 [logterm: 1, index: 1] sent MsgPreVote request to 2 at term 1
raft2026/09/05 14:31:44 INFO: 1 [logterm: 1, index: 1] sent MsgPreVote request to 3 at term 1
raft2026/09/05 14:31:44 INFO: 1 received MsgPreVoteResp from 1 at term 1
raft2026/09/05 14:31:44 INFO: 1 has received 1 MsgPreVoteResp votes and 0 vote rejections
raft2026/09/05 14:31:44 INFO: 3 [logterm: 1, index: 1, vote: 0] cast MsgPreVote for 1 [logterm: 1, index: 1] at term 1
raft2026/09/05 14:31:44 INFO: 2 [logterm: 1, index: 1, vote: 0] cast MsgPreVote for 1 [logterm: 1, index: 1] at term 1
raft2026/09/05 14:31:44 INFO: 1 received MsgPreVoteResp from 3 at term 1
raft2026/09/05 14:31:44 INFO: 1 has received 2 MsgPreVoteResp votes and 0 vote rejections
raft2026/09/05 14:31:44 INFO: 1 became candidate at term 2
raft2026/09/05 14:31:44 INFO: 1 [logterm: 1, index: 1] sent MsgVote request to 2 at term 2
raft2026/09/05 14:31:44 INFO: 1 [logterm: 1, index: 1] sent MsgVote request to 3 at term 2
raft2026/09/05 14:31:44 INFO: 1 received MsgVoteResp from 1 at term 2
raft2026/09/05 14:31:44 INFO: 1 has received 1 MsgVoteResp votes and 0 vote rejections
raft2026/09/05 14:31:44 INFO: 3 [term: 1] received a MsgVote message with higher term from 1 [term: 2]
raft2026/09/05 14:31:44 INFO: 3 became follower at term 2
raft2026/09/05 14:31:44 INFO: 3 [logterm: 1, index: 1, vote: 0] cast MsgVote for 1 [logterm: 1, index: 1] at term 2
raft2026/09/05 14:31:44 INFO: 2 [term: 1] received a MsgVote message with higher term from 1 [term: 2]
raft2026/09/05 14:31:44 INFO: 2 became follower at term 2
raft2026/09/05 14:31:44 INFO: 2 [logterm: 1, index: 1, vote: 0] cast MsgVote for 1 [logterm: 1, index: 1] at term 2
raft2026/09/05 14:31:44 INFO: 1 received MsgVoteResp from 3 at term 2
raft2026/09/05 14:31:44 INFO: 1 has received 2 MsgVoteResp votes and 0 vote rejections
raft2026/09/05 14:31:44 INFO: 1 became leader at term 2
raft2026/09/05 14:31:44 INFO: 2 is starting a new election at term 2
raft2026/09/05 14:31:44 INFO: 2 became pre-candidate at term 2
raft2026/09/05 14:31:44 INFO: 2 [logterm: 2, index: 5] sent MsgPreVote request to 1 at term 2
raft2026/09/05 14:31:44 INFO: 2 [logterm: 2, index: 5] sent MsgPreVote request to 3 at term 2
raft2026/09/05 14:31:44 INFO: 2 received MsgPreVoteResp from 2 at term 2
raft2026/09/05 14:31:44 INFO: 2 has received 1 MsgPreVoteResp votes and 0 vote rejections
raft2026/09/05 14:31:44 INFO: 3 [logterm: 2, index: 5, vote: 1] ignored MsgPreVote from 2 [logterm: 2, index: 5] at term 2: lease is not expired (remaining ticks: 10)
raft2026/09/05 14:31:44 INFO: 2 is starting a new election at term 2
raft2026/09/05 14:31:44 INFO: 2 became pre-candidate at term 2
raft2026/09/05 14:31:44 INFO: 2 [logterm: 2, index: 5] sent MsgPreVote request to 1 at term 2
raft2026/09/05 14:31:44 INFO: 2 [logterm: 2, index: 5] sent MsgPreVote request to 3 at term 2
raft2026/09/05 14:31:44 INFO: 2 received MsgPreVoteResp from 2 at term 2
raft2026/09/05 14:31:44 INFO: 2 has received 1 MsgPreVoteResp votes and 0 vote rejections
raft2026/09/05 14:31:44 INFO: 3 [logterm: 2, index: 5, vote: 1] cast MsgPreVote for 2 [logterm: 2, index: 5] at term 2
raft2026/09/05 14:31:44 INFO: 2 received MsgPreVoteResp from 3 at term 2
raft2026/09/05 14:31:44 INFO: 2 has received 2 MsgPreVoteResp votes and 0 vote rejections
raft2026/09/05 14:31:44 INFO: 2 became candidate at term 3
raft2026/09/05 14:31:44 INFO: 2 [logterm: 2, index: 5] sent MsgVote request to 1 at term 3
raft2026/09/05 14:31:44 INFO: 2 [logterm: 2, index: 5] sent MsgVote request to 3 at term 3
raft2026/09/05 14:31:44 INFO: 2 received MsgVoteResp from 2 at term 3
raft2026/09/05 14:31:44 INFO: 2 has received 1 MsgVoteResp votes and 0 vote rejections
raft2026/09/05 14:31:44 INFO: 3 [term: 2] received a MsgVote message with higher term from 2 [term: 3]
raft2026/09/05 14:31:44 INFO: 3 became follower at term 3
raft2026/09/05 14:31:44 INFO: 3 [logterm: 2, index: 5, vote: 0] cast MsgVote for 2 [logterm: 2, index: 5] at term 3
raft2026/09/05 14:31:44 INFO: 2 received MsgVoteResp from 3 at term 3
raft2026/09/05 14:31:44 INFO: 2 has received 2 MsgVoteResp votes and 0 vote rejections
raft2026/09/05 14:31:44 INFO: 2 became leader at term 3
--- PASS: TestAuthenticatedThreeVoterServingPutSurvivesLeaderLossAndExactRetry (1.15s)
=== RUN   TestAuthenticatedThreeVoterServingPutSurvivesLeaderLossAndExactRetry
raft2026/09/05 14:31:45 INFO: 1 switched to configuration voters=(1 2 3)
raft2026/09/05 14:31:45 INFO: 1 became follower at term 1
raft2026/09/05 14:31:45 INFO: newRaft 1 [peers: [1,2,3], term: 1, commit: 1, applied: 1, lastindex: 1, lastterm: 1]
raft2026/09/05 14:31:45 INFO: 2 switched to configuration voters=(1 2 3)
raft2026/09/05 14:31:45 INFO: 2 became follower at term 1
raft2026/09/05 14:31:45 INFO: newRaft 2 [peers: [1,2,3], term: 1, commit: 1, applied: 1, lastindex: 1, lastterm: 1]
raft2026/09/05 14:31:45 INFO: 3 switched to configuration voters=(1 2 3)
raft2026/09/05 14:31:45 INFO: 3 became follower at term 1
raft2026/09/05 14:31:45 INFO: newRaft 3 [peers: [1,2,3], term: 1, commit: 1, applied: 1, lastindex: 1, lastterm: 1]
raft2026/09/05 14:31:45 INFO: 1 is starting a new election at term 1
raft2026/09/05 14:31:45 INFO: 1 became pre-candidate at term 1
raft2026/09/05 14:31:45 INFO: 1 [logterm: 1, index: 1] sent MsgPreVote request to 2 at term 1
raft2026/09/05 14:31:45 INFO: 1 [logterm: 1, index: 1] sent MsgPreVote request to 3 at term 1
raft2026/09/05 14:31:45 INFO: 1 received MsgPreVoteResp from 1 at term 1
raft2026/09/05 14:31:45 INFO: 1 has received 1 MsgPreVoteResp votes and 0 vote rejections
raft2026/09/05 14:31:45 INFO: 2 [logterm: 1, index: 1, vote: 0] cast MsgPreVote for 1 [logterm: 1, index: 1] at term 1
raft2026/09/05 14:31:45 INFO: 3 [logterm: 1, index: 1, vote: 0] cast MsgPreVote for 1 [logterm: 1, index: 1] at term 1
raft2026/09/05 14:31:45 INFO: 1 received MsgPreVoteResp from 3 at term 1
raft2026/09/05 14:31:45 INFO: 1 has received 2 MsgPreVoteResp votes and 0 vote rejections
raft2026/09/05 14:31:45 INFO: 1 became candidate at term 2
raft2026/09/05 14:31:45 INFO: 1 [logterm: 1, index: 1] sent MsgVote request to 2 at term 2
raft2026/09/05 14:31:45 INFO: 1 [logterm: 1, index: 1] sent MsgVote request to 3 at term 2
raft2026/09/05 14:31:45 INFO: 1 received MsgVoteResp from 1 at term 2
raft2026/09/05 14:31:45 INFO: 1 has received 1 MsgVoteResp votes and 0 vote rejections
raft2026/09/05 14:31:45 INFO: 2 [term: 1] received a MsgVote message with higher term from 1 [term: 2]
raft2026/09/05 14:31:45 INFO: 2 became follower at term 2
raft2026/09/05 14:31:45 INFO: 2 [logterm: 1, index: 1, vote: 0] cast MsgVote for 1 [logterm: 1, index: 1] at term 2
raft2026/09/05 14:31:45 INFO: 3 [term: 1] received a MsgVote message with higher term from 1 [term: 2]
raft2026/09/05 14:31:45 INFO: 3 became follower at term 2
raft2026/09/05 14:31:45 INFO: 3 [logterm: 1, index: 1, vote: 0] cast MsgVote for 1 [logterm: 1, index: 1] at term 2
raft2026/09/05 14:31:45 INFO: 1 received MsgVoteResp from 2 at term 2
raft2026/09/05 14:31:45 INFO: 1 has received 2 MsgVoteResp votes and 0 vote rejections
raft2026/09/05 14:31:45 INFO: 1 became leader at term 2
raft2026/09/05 14:31:45 INFO: 2 is starting a new election at term 2
raft2026/09/05 14:31:45 INFO: 2 became pre-candidate at term 2
raft2026/09/05 14:31:45 INFO: 2 [logterm: 2, index: 5] sent MsgPreVote request to 1 at term 2
raft2026/09/05 14:31:45 INFO: 2 [logterm: 2, index: 5] sent MsgPreVote request to 3 at term 2
raft2026/09/05 14:31:45 INFO: 2 received MsgPreVoteResp from 2 at term 2
raft2026/09/05 14:31:45 INFO: 2 has received 1 MsgPreVoteResp votes and 0 vote rejections
raft2026/09/05 14:31:45 INFO: 3 [logterm: 2, index: 5, vote: 1] ignored MsgPreVote from 2 [logterm: 2, index: 5] at term 2: lease is not expired (remaining ticks: 9)
raft2026/09/05 14:31:45 INFO: 3 is starting a new election at term 2
raft2026/09/05 14:31:45 INFO: 3 became pre-candidate at term 2
raft2026/09/05 14:31:45 INFO: 3 [logterm: 2, index: 5] sent MsgPreVote request to 1 at term 2
raft2026/09/05 14:31:45 INFO: 3 [logterm: 2, index: 5] sent MsgPreVote request to 2 at term 2
raft2026/09/05 14:31:45 INFO: 2 is starting a new election at term 2
raft2026/09/05 14:31:45 INFO: 2 became pre-candidate at term 2
raft2026/09/05 14:31:45 INFO: 2 [logterm: 2, index: 5] sent MsgPreVote request to 1 at term 2
raft2026/09/05 14:31:45 INFO: 2 [logterm: 2, index: 5] sent MsgPreVote request to 3 at term 2
raft2026/09/05 14:31:45 INFO: 3 received MsgPreVoteResp from 3 at term 2
raft2026/09/05 14:31:45 INFO: 3 has received 1 MsgPreVoteResp votes and 0 vote rejections
raft2026/09/05 14:31:45 INFO: 2 received MsgPreVoteResp from 2 at term 2
raft2026/09/05 14:31:45 INFO: 2 has received 1 MsgPreVoteResp votes and 0 vote rejections
raft2026/09/05 14:31:45 INFO: 3 [logterm: 2, index: 5, vote: 1] cast MsgPreVote for 2 [logterm: 2, index: 5] at term 2
raft2026/09/05 14:31:45 INFO: 2 [logterm: 2, index: 5, vote: 1] cast MsgPreVote for 3 [logterm: 2, index: 5] at term 2
raft2026/09/05 14:31:45 INFO: 2 received MsgPreVoteResp from 3 at term 2
raft2026/09/05 14:31:45 INFO: 2 has received 2 MsgPreVoteResp votes and 0 vote rejections
raft2026/09/05 14:31:45 INFO: 2 became candidate at term 3
raft2026/09/05 14:31:45 INFO: 2 [logterm: 2, index: 5] sent MsgVote request to 1 at term 3
raft2026/09/05 14:31:45 INFO: 2 [logterm: 2, index: 5] sent MsgVote request to 3 at term 3
raft2026/09/05 14:31:45 INFO: 3 received MsgPreVoteResp from 2 at term 2
raft2026/09/05 14:31:45 INFO: 3 has received 2 MsgPreVoteResp votes and 0 vote rejections
raft2026/09/05 14:31:45 INFO: 3 became candidate at term 3
raft2026/09/05 14:31:45 INFO: 3 [logterm: 2, index: 5] sent MsgVote request to 1 at term 3
raft2026/09/05 14:31:45 INFO: 3 [logterm: 2, index: 5] sent MsgVote request to 2 at term 3
raft2026/09/05 14:31:45 INFO: 3 received MsgVoteResp from 3 at term 3
raft2026/09/05 14:31:45 INFO: 2 received MsgVoteResp from 2 at term 3
raft2026/09/05 14:31:45 INFO: 3 has received 1 MsgVoteResp votes and 0 vote rejections
raft2026/09/05 14:31:45 INFO: 2 has received 1 MsgVoteResp votes and 0 vote rejections
raft2026/09/05 14:31:45 INFO: 2 [logterm: 2, index: 5, vote: 2] rejected MsgVote from 3 [logterm: 2, index: 5] at term 3
raft2026/09/05 14:31:45 INFO: 3 [logterm: 2, index: 5, vote: 3] rejected MsgVote from 2 [logterm: 2, index: 5] at term 3
raft2026/09/05 14:31:45 INFO: 3 received MsgVoteResp rejection from 2 at term 3
raft2026/09/05 14:31:45 INFO: 3 has received 1 MsgVoteResp votes and 1 vote rejections
raft2026/09/05 14:31:45 INFO: 2 received MsgVoteResp rejection from 3 at term 3
raft2026/09/05 14:31:45 INFO: 2 has received 1 MsgVoteResp votes and 1 vote rejections
raft2026/09/05 14:31:46 INFO: 2 is starting a new election at term 3
raft2026/09/05 14:31:46 INFO: 2 became pre-candidate at term 3
raft2026/09/05 14:31:46 INFO: 2 [logterm: 2, index: 5] sent MsgPreVote request to 1 at term 3
raft2026/09/05 14:31:46 INFO: 2 [logterm: 2, index: 5] sent MsgPreVote request to 3 at term 3
raft2026/09/05 14:31:46 INFO: 2 received MsgPreVoteResp from 2 at term 3
raft2026/09/05 14:31:46 INFO: 2 has received 1 MsgPreVoteResp votes and 0 vote rejections
raft2026/09/05 14:31:46 INFO: 3 [logterm: 2, index: 5, vote: 3] cast MsgPreVote for 2 [logterm: 2, index: 5] at term 3
raft2026/09/05 14:31:46 INFO: 2 received MsgPreVoteResp from 3 at term 3
raft2026/09/05 14:31:46 INFO: 2 has received 2 MsgPreVoteResp votes and 0 vote rejections
raft2026/09/05 14:31:46 INFO: 2 became candidate at term 4
raft2026/09/05 14:31:46 INFO: 2 [logterm: 2, index: 5] sent MsgVote request to 1 at term 4
raft2026/09/05 14:31:46 INFO: 2 [logterm: 2, index: 5] sent MsgVote request to 3 at term 4
raft2026/09/05 14:31:46 INFO: 2 received MsgVoteResp from 2 at term 4
raft2026/09/05 14:31:46 INFO: 2 has received 1 MsgVoteResp votes and 0 vote rejections
raft2026/09/05 14:31:46 INFO: 3 [term: 3] received a MsgVote message with higher term from 2 [term: 4]
raft2026/09/05 14:31:46 INFO: 3 became follower at term 4
raft2026/09/05 14:31:46 INFO: 3 [logterm: 2, index: 5, vote: 0] cast MsgVote for 2 [logterm: 2, index: 5] at term 4
raft2026/09/05 14:31:46 INFO: 2 received MsgVoteResp from 3 at term 4
raft2026/09/05 14:31:46 INFO: 2 has received 2 MsgVoteResp votes and 0 vote rejections
raft2026/09/05 14:31:46 INFO: 2 became leader at term 4
--- PASS: TestAuthenticatedThreeVoterServingPutSurvivesLeaderLossAndExactRetry (1.39s)
=== RUN   TestAuthenticatedThreeVoterServingPutSurvivesLeaderLossAndExactRetry
raft2026/09/05 14:31:46 INFO: 1 switched to configuration voters=(1 2 3)
raft2026/09/05 14:31:46 INFO: 1 became follower at term 1
raft2026/09/05 14:31:46 INFO: newRaft 1 [peers: [1,2,3], term: 1, commit: 1, applied: 1, lastindex: 1, lastterm: 1]
raft2026/09/05 14:31:46 INFO: 2 switched to configuration voters=(1 2 3)
raft2026/09/05 14:31:46 INFO: 2 became follower at term 1
raft2026/09/05 14:31:46 INFO: newRaft 2 [peers: [1,2,3], term: 1, commit: 1, applied: 1, lastindex: 1, lastterm: 1]
raft2026/09/05 14:31:46 INFO: 3 switched to configuration voters=(1 2 3)
raft2026/09/05 14:31:46 INFO: 3 became follower at term 1
raft2026/09/05 14:31:46 INFO: newRaft 3 [peers: [1,2,3], term: 1, commit: 1, applied: 1, lastindex: 1, lastterm: 1]
raft2026/09/05 14:31:46 INFO: 1 is starting a new election at term 1
raft2026/09/05 14:31:46 INFO: 1 became pre-candidate at term 1
raft2026/09/05 14:31:46 INFO: 1 [logterm: 1, index: 1] sent MsgPreVote request to 2 at term 1
raft2026/09/05 14:31:46 INFO: 1 [logterm: 1, index: 1] sent MsgPreVote request to 3 at term 1
raft2026/09/05 14:31:46 INFO: 1 received MsgPreVoteResp from 1 at term 1
raft2026/09/05 14:31:46 INFO: 1 has received 1 MsgPreVoteResp votes and 0 vote rejections
raft2026/09/05 14:31:46 INFO: 3 [logterm: 1, index: 1, vote: 0] cast MsgPreVote for 1 [logterm: 1, index: 1] at term 1
raft2026/09/05 14:31:46 INFO: 2 [logterm: 1, index: 1, vote: 0] cast MsgPreVote for 1 [logterm: 1, index: 1] at term 1
raft2026/09/05 14:31:46 INFO: 1 received MsgPreVoteResp from 2 at term 1
raft2026/09/05 14:31:46 INFO: 1 has received 2 MsgPreVoteResp votes and 0 vote rejections
raft2026/09/05 14:31:46 INFO: 1 became candidate at term 2
raft2026/09/05 14:31:46 INFO: 1 [logterm: 1, index: 1] sent MsgVote request to 2 at term 2
raft2026/09/05 14:31:46 INFO: 1 [logterm: 1, index: 1] sent MsgVote request to 3 at term 2
raft2026/09/05 14:31:46 INFO: 1 received MsgVoteResp from 1 at term 2
raft2026/09/05 14:31:46 INFO: 1 has received 1 MsgVoteResp votes and 0 vote rejections
raft2026/09/05 14:31:46 INFO: 2 [term: 1] received a MsgVote message with higher term from 1 [term: 2]
raft2026/09/05 14:31:46 INFO: 2 became follower at term 2
raft2026/09/05 14:31:46 INFO: 2 [logterm: 1, index: 1, vote: 0] cast MsgVote for 1 [logterm: 1, index: 1] at term 2
raft2026/09/05 14:31:46 INFO: 3 [term: 1] received a MsgVote message with higher term from 1 [term: 2]
raft2026/09/05 14:31:46 INFO: 3 became follower at term 2
raft2026/09/05 14:31:46 INFO: 3 [logterm: 1, index: 1, vote: 0] cast MsgVote for 1 [logterm: 1, index: 1] at term 2
raft2026/09/05 14:31:46 INFO: 1 received MsgVoteResp from 2 at term 2
raft2026/09/05 14:31:46 INFO: 1 has received 2 MsgVoteResp votes and 0 vote rejections
raft2026/09/05 14:31:46 INFO: 1 became leader at term 2
raft2026/09/05 14:31:46 INFO: 2 is starting a new election at term 2
raft2026/09/05 14:31:46 INFO: 2 became pre-candidate at term 2
raft2026/09/05 14:31:46 INFO: 2 [logterm: 2, index: 5] sent MsgPreVote request to 1 at term 2
raft2026/09/05 14:31:46 INFO: 2 [logterm: 2, index: 5] sent MsgPreVote request to 3 at term 2
raft2026/09/05 14:31:46 INFO: 2 received MsgPreVoteResp from 2 at term 2
raft2026/09/05 14:31:46 INFO: 2 has received 1 MsgPreVoteResp votes and 0 vote rejections
raft2026/09/05 14:31:46 INFO: 3 [logterm: 2, index: 5, vote: 1] ignored MsgPreVote from 2 [logterm: 2, index: 5] at term 2: lease is not expired (remaining ticks: 9)
raft2026/09/05 14:31:47 INFO: 2 is starting a new election at term 2
raft2026/09/05 14:31:47 INFO: 2 became pre-candidate at term 2
raft2026/09/05 14:31:47 INFO: 2 [logterm: 2, index: 5] sent MsgPreVote request to 1 at term 2
raft2026/09/05 14:31:47 INFO: 2 [logterm: 2, index: 5] sent MsgPreVote request to 3 at term 2
raft2026/09/05 14:31:47 INFO: 2 received MsgPreVoteResp from 2 at term 2
raft2026/09/05 14:31:47 INFO: 2 has received 1 MsgPreVoteResp votes and 0 vote rejections
raft2026/09/05 14:31:47 INFO: 3 [logterm: 2, index: 5, vote: 1] cast MsgPreVote for 2 [logterm: 2, index: 5] at term 2
raft2026/09/05 14:31:47 INFO: 2 received MsgPreVoteResp from 3 at term 2
raft2026/09/05 14:31:47 INFO: 2 has received 2 MsgPreVoteResp votes and 0 vote rejections
raft2026/09/05 14:31:47 INFO: 2 became candidate at term 3
raft2026/09/05 14:31:47 INFO: 2 [logterm: 2, index: 5] sent MsgVote request to 1 at term 3
raft2026/09/05 14:31:47 INFO: 2 [logterm: 2, index: 5] sent MsgVote request to 3 at term 3
raft2026/09/05 14:31:47 INFO: 2 received MsgVoteResp from 2 at term 3
raft2026/09/05 14:31:47 INFO: 2 has received 1 MsgVoteResp votes and 0 vote rejections
raft2026/09/05 14:31:47 INFO: 3 [term: 2] received a MsgVote message with higher term from 2 [term: 3]
raft2026/09/05 14:31:47 INFO: 3 became follower at term 3
raft2026/09/05 14:31:47 INFO: 3 [logterm: 2, index: 5, vote: 0] cast MsgVote for 2 [logterm: 2, index: 5] at term 3
raft2026/09/05 14:31:47 INFO: 2 received MsgVoteResp from 3 at term 3
raft2026/09/05 14:31:47 INFO: 2 has received 2 MsgVoteResp votes and 0 vote rejections
raft2026/09/05 14:31:47 INFO: 2 became leader at term 3
--- PASS: TestAuthenticatedThreeVoterServingPutSurvivesLeaderLossAndExactRetry (0.95s)
PASS
ok  	github.com/thesyncim/vibedb/internal/raftservice	6.577s
