cockroachdb point_hit c=1 rep=1 6373.5 ops/s p99=0.297ms errors=0 verified=true
cockroachdb point_hit c=1 rep=2 7951.7 ops/s p99=0.274ms errors=0 verified=true
cockroachdb point_hit c=1 rep=3 7317.8 ops/s p99=0.316ms errors=0 verified=true
cockroachdb point_hit c=8 rep=1 44128.4 ops/s p99=0.282ms errors=0 verified=true
cockroachdb point_hit c=8 rep=2 44614.7 ops/s p99=0.295ms errors=0 verified=true
cockroachdb point_hit c=8 rep=3 44555.4 ops/s p99=0.287ms errors=0 verified=true
cockroachdb point_miss c=1 rep=1 7252.5 ops/s p99=0.227ms errors=0 verified=true
cockroachdb point_miss c=1 rep=2 7418.1 ops/s p99=0.197ms errors=0 verified=true
cockroachdb point_miss c=1 rep=3 7490.5 ops/s p99=0.204ms errors=0 verified=true
cockroachdb point_miss c=8 rep=1 45359.4 ops/s p99=0.281ms errors=0 verified=true
cockroachdb point_miss c=8 rep=2 44002.3 ops/s p99=0.296ms errors=0 verified=true
cockroachdb point_miss c=8 rep=3 44681.8 ops/s p99=0.286ms errors=0 verified=true
cockroachdb range_64 c=1 rep=1 5052.7 ops/s p99=0.295ms errors=0 verified=true
cockroachdb range_64 c=1 rep=2 4965.3 ops/s p99=0.323ms errors=0 verified=true
cockroachdb range_64 c=1 rep=3 4919.5 ops/s p99=0.311ms errors=0 verified=true
cockroachdb range_64 c=8 rep=1 28780.0 ops/s p99=0.768ms errors=0 verified=true
cockroachdb range_64 c=8 rep=2 31406.8 ops/s p99=0.480ms errors=0 verified=true
cockroachdb range_64 c=8 rep=3 30317.6 ops/s p99=0.577ms errors=0 verified=true
cockroachdb group_16 c=1 rep=1 578.8 ops/s p99=2.895ms errors=0 verified=true
cockroachdb group_16 c=1 rep=2 609.5 ops/s p99=2.829ms errors=0 verified=true
cockroachdb group_16 c=1 rep=3 587.7 ops/s p99=3.085ms errors=0 verified=true
cockroachdb group_16 c=8 rep=1 3330.5 ops/s p99=5.214ms errors=0 verified=true
cockroachdb group_16 c=8 rep=2 3193.8 ops/s p99=6.850ms errors=0 verified=true
cockroachdb group_16 c=8 rep=3 3399.5 ops/s p99=5.001ms errors=0 verified=true
cockroachdb update_existing c=1 rep=1 1257.2 ops/s p99=1.166ms errors=0 verified=true
cockroachdb update_existing c=1 rep=2 1240.3 ops/s p99=1.229ms errors=0 verified=true
cockroachdb update_existing c=1 rep=3 1239.1 ops/s p99=1.188ms errors=0 verified=true
cockroachdb update_existing c=8 rep=1 5898.9 ops/s p99=1.911ms errors=0 verified=true
cockroachdb update_existing c=8 rep=2 5950.3 ops/s p99=1.752ms errors=0 verified=true
cockroachdb update_existing c=8 rep=3 5848.7 ops/s p99=2.474ms errors=0 verified=true
