vibedb point_hit c=1 rep=1 3542.0 ops/s p99=0.523ms errors=0 verified=true
vibedb point_hit c=1 rep=2 3450.5 ops/s p99=0.646ms errors=0 verified=true
vibedb point_hit c=1 rep=3 3121.6 ops/s p99=0.905ms errors=0 verified=true
vibedb point_hit c=8 rep=1 14859.1 ops/s p99=1.066ms errors=0 verified=true
vibedb point_hit c=8 rep=2 13503.6 ops/s p99=1.381ms errors=0 verified=true
vibedb point_hit c=8 rep=3 14748.2 ops/s p99=1.021ms errors=0 verified=true
vibedb point_miss c=1 rep=1 3586.3 ops/s p99=0.562ms errors=0 verified=true
vibedb point_miss c=1 rep=2 3715.9 ops/s p99=0.553ms errors=0 verified=true
vibedb point_miss c=1 rep=3 3708.5 ops/s p99=0.530ms errors=0 verified=true
vibedb point_miss c=8 rep=1 15452.8 ops/s p99=0.978ms errors=0 verified=true
vibedb point_miss c=8 rep=2 14877.6 ops/s p99=0.977ms errors=0 verified=true
vibedb point_miss c=8 rep=3 14928.2 ops/s p99=1.022ms errors=0 verified=true
vibedb range_64 c=1 rep=1 2280.4 ops/s p99=0.780ms errors=0 verified=true
vibedb range_64 c=1 rep=2 2280.6 ops/s p99=0.722ms errors=0 verified=true
vibedb range_64 c=1 rep=3 2276.3 ops/s p99=0.748ms errors=0 verified=true
vibedb range_64 c=8 rep=1 11383.6 ops/s p99=1.300ms errors=0 verified=true
vibedb range_64 c=8 rep=2 11346.6 ops/s p99=1.508ms errors=0 verified=true
vibedb range_64 c=8 rep=3 11185.9 ops/s p99=1.391ms errors=0 verified=true
vibedb group_16 c=1 rep=1 259.8 ops/s p99=4.499ms errors=0 verified=true
vibedb group_16 c=1 rep=2 256.3 ops/s p99=4.580ms errors=0 verified=true
vibedb group_16 c=1 rep=3 257.9 ops/s p99=4.553ms errors=0 verified=true
vibedb group_16 c=8 rep=1 1913.3 ops/s p99=6.460ms errors=0 verified=true
vibedb group_16 c=8 rep=2 1925.5 ops/s p99=6.073ms errors=0 verified=true
vibedb group_16 c=8 rep=3 1934.2 ops/s p99=5.960ms errors=0 verified=true
vibedb update_existing c=1 rep=1 630.1 ops/s p99=7.463ms errors=0 verified=true
vibedb update_existing c=1 rep=2 573.8 ops/s p99=8.047ms errors=0 verified=true
vibedb update_existing c=1 rep=3 621.0 ops/s p99=7.698ms errors=0 verified=true
vibedb update_existing c=8 rep=1 2731.4 ops/s p99=11.577ms errors=0 verified=true
vibedb update_existing c=8 rep=2 2581.9 ops/s p99=14.511ms errors=0 verified=true
vibedb update_existing c=8 rep=3 2026.7 ops/s p99=16.042ms errors=0 verified=true
