=== RUN   TestReplicatedPointRawMatchesForcedSegmentFallback
=== RUN   TestReplicatedPointRawMatchesForcedSegmentFallback/full_predicate_with_null_missing_nested_and_escaped_scalar
=== RUN   TestReplicatedPointRawMatchesForcedSegmentFallback/residual_predicate_rejects_row
=== RUN   TestReplicatedPointRawMatchesForcedSegmentFallback/aggregate_fallback
=== RUN   TestReplicatedPointRawMatchesForcedSegmentFallback/point_miss
=== RUN   TestReplicatedPointRawMatchesForcedSegmentFallback/wrong_candidate_key
--- PASS: TestReplicatedPointRawMatchesForcedSegmentFallback (0.06s)
    --- PASS: TestReplicatedPointRawMatchesForcedSegmentFallback/full_predicate_with_null_missing_nested_and_escaped_scalar (0.00s)
    --- PASS: TestReplicatedPointRawMatchesForcedSegmentFallback/residual_predicate_rejects_row (0.00s)
    --- PASS: TestReplicatedPointRawMatchesForcedSegmentFallback/aggregate_fallback (0.00s)
    --- PASS: TestReplicatedPointRawMatchesForcedSegmentFallback/point_miss (0.00s)
    --- PASS: TestReplicatedPointRawMatchesForcedSegmentFallback/wrong_candidate_key (0.00s)
=== RUN   TestReplicatedPointRawAlternatesFreshOwnedDocuments
=== RUN   TestReplicatedPointRawAlternatesFreshOwnedDocuments/11
=== RUN   TestReplicatedPointRawAlternatesFreshOwnedDocuments/22
=== RUN   TestReplicatedPointRawAlternatesFreshOwnedDocuments/33
=== RUN   TestReplicatedPointRawAlternatesFreshOwnedDocuments/44
--- PASS: TestReplicatedPointRawAlternatesFreshOwnedDocuments (0.02s)
    --- PASS: TestReplicatedPointRawAlternatesFreshOwnedDocuments/11 (0.00s)
    --- PASS: TestReplicatedPointRawAlternatesFreshOwnedDocuments/22 (0.00s)
    --- PASS: TestReplicatedPointRawAlternatesFreshOwnedDocuments/33 (0.00s)
    --- PASS: TestReplicatedPointRawAlternatesFreshOwnedDocuments/44 (0.00s)
=== RUN   TestReplicatedPointRawBudgetAndCancellationMatchFallback
--- PASS: TestReplicatedPointRawBudgetAndCancellationMatchFallback (0.02s)
=== RUN   TestReplicatedPointRawWrapperClearsAcrossHitMissAndError
--- PASS: TestReplicatedPointRawWrapperClearsAcrossHitMissAndError (0.02s)
=== RUN   TestReplicatedPointRawPanicClearsBorrowedWrapper
--- PASS: TestReplicatedPointRawPanicClearsBorrowedWrapper (0.02s)
=== RUN   TestReplicatedPointReadSessionCandidatePreservesQuerySemantics
--- PASS: TestReplicatedPointReadSessionCandidatePreservesQuerySemantics (0.03s)
=== RUN   TestReplicatedPointReadSessionMissAndWrongKeyAreBounded
--- PASS: TestReplicatedPointReadSessionMissAndWrongKeyAreBounded (0.02s)
=== RUN   TestReplicatedPointReadSessionRejectsStaleIdentityAndPath
--- PASS: TestReplicatedPointReadSessionRejectsStaleIdentityAndPath (0.02s)
=== RUN   TestReplicatedReadReuseDataCutMutationAndParameterKey
--- PASS: TestReplicatedReadReuseDataCutMutationAndParameterKey (0.04s)
=== RUN   TestReplicatedReadReusePointAlternatesHitsMissesAndUpdates
--- PASS: TestReplicatedReadReusePointAlternatesHitsMissesAndUpdates (0.03s)
=== RUN   TestReplicatedReadReuseBudgetCancellationRollbackAndReuse
--- PASS: TestReplicatedReadReuseBudgetCancellationRollbackAndReuse (0.03s)
=== RUN   TestReplicatedReadReuseLeasesAreExclusiveAndStaleHandlesClose
--- PASS: TestReplicatedReadReuseLeasesAreExclusiveAndStaleHandlesClose (0.03s)
=== RUN   TestReplicatedReadReuseConcurrentIndependentLeases
--- PASS: TestReplicatedReadReuseConcurrentIndependentLeases (0.03s)
=== RUN   TestReplicatedReadReuseUnsupportedShapesAreNeverRetained
--- PASS: TestReplicatedReadReuseUnsupportedShapesAreNeverRetained (0.03s)
=== RUN   TestReplicatedReadReuseRejectsForeignAndClosedCuts
--- PASS: TestReplicatedReadReuseRejectsForeignAndClosedCuts (0.05s)
=== RUN   TestReplicatedReadReuseLayoutReplacementDoesNotReuseStaleSlot
--- PASS: TestReplicatedReadReuseLayoutReplacementDoesNotReuseStaleSlot (0.03s)
=== RUN   TestReplicatedReadReuseApplyCloseRejectsAndRetiresLeases
--- PASS: TestReplicatedReadReuseApplyCloseRejectsAndRetiresLeases (0.03s)
=== RUN   TestReplicatedReadReuseIdleStateDropsRequestReferences
--- PASS: TestReplicatedReadReuseIdleStateDropsRequestReferences (0.03s)
=== RUN   TestReplicatedReadReuseLayoutTokensOutliveEpochs
--- PASS: TestReplicatedReadReuseLayoutTokensOutliveEpochs (0.02s)
=== RUN   TestReplicatedReadReusePreparationOwnsSourceAndAccountsObjects
--- PASS: TestReplicatedReadReusePreparationOwnsSourceAndAccountsObjects (0.00s)
=== RUN   TestReplicatedReadReusePublicationBetweenLookupAndAttach
=== RUN   TestReplicatedReadReusePublicationBetweenLookupAndAttach/cold
=== RUN   TestReplicatedReadReusePublicationBetweenLookupAndAttach/hit
--- PASS: TestReplicatedReadReusePublicationBetweenLookupAndAttach (0.06s)
    --- PASS: TestReplicatedReadReusePublicationBetweenLookupAndAttach/cold (0.03s)
    --- PASS: TestReplicatedReadReusePublicationBetweenLookupAndAttach/hit (0.03s)
=== RUN   TestReplicatedReadReuseAcquirePanicRetiresReservation
=== RUN   TestReplicatedReadReuseAcquirePanicRetiresReservation/cold
=== RUN   TestReplicatedReadReuseAcquirePanicRetiresReservation/hit
--- PASS: TestReplicatedReadReuseAcquirePanicRetiresReservation (0.06s)
    --- PASS: TestReplicatedReadReuseAcquirePanicRetiresReservation/cold (0.03s)
    --- PASS: TestReplicatedReadReuseAcquirePanicRetiresReservation/hit (0.03s)
=== RUN   TestReplicatedReadReuseResetDeclinePreservesSuccessfulRead
--- PASS: TestReplicatedReadReuseResetDeclinePreservesSuccessfulRead (0.00s)
=== RUN   TestReplicatedReadReuseAbortClosesUnpublishedRows
--- PASS: TestReplicatedReadReuseAbortClosesUnpublishedRows (0.00s)
=== RUN   TestReplicatedReadReuseQueryPanicStopsContextWatcher
--- PASS: TestReplicatedReadReuseQueryPanicStopsContextWatcher (0.00s)
=== RUN   TestReplicatedSchemaManifestMatchesLiveBundleMachine
--- PASS: TestReplicatedSchemaManifestMatchesLiveBundleMachine (0.03s)
=== RUN   TestReplicatedSchemaManifestSeparatesSourceChildAndLocalIdentities
=== RUN   TestReplicatedSchemaManifestSeparatesSourceChildAndLocalIdentities/singleton
=== RUN   TestReplicatedSchemaManifestSeparatesSourceChildAndLocalIdentities/local
=== RUN   TestReplicatedSchemaManifestSeparatesSourceChildAndLocalIdentities/base-local-global
--- PASS: TestReplicatedSchemaManifestSeparatesSourceChildAndLocalIdentities (0.00s)
    --- PASS: TestReplicatedSchemaManifestSeparatesSourceChildAndLocalIdentities/singleton (0.00s)
    --- PASS: TestReplicatedSchemaManifestSeparatesSourceChildAndLocalIdentities/local (0.00s)
    --- PASS: TestReplicatedSchemaManifestSeparatesSourceChildAndLocalIdentities/base-local-global (0.00s)
=== RUN   TestReplicatedSchemaManifestRejectsMalformedAndOversizedIndexes
=== RUN   TestReplicatedSchemaManifestRejectsMalformedAndOversizedIndexes/missing
=== RUN   TestReplicatedSchemaManifestRejectsMalformedAndOversizedIndexes/foreign
=== RUN   TestReplicatedSchemaManifestRejectsMalformedAndOversizedIndexes/malformed
=== RUN   TestReplicatedSchemaManifestRejectsMalformedAndOversizedIndexes/oversized
=== RUN   TestReplicatedSchemaManifestRejectsMalformedAndOversizedIndexes/unique
--- PASS: TestReplicatedSchemaManifestRejectsMalformedAndOversizedIndexes (0.00s)
    --- PASS: TestReplicatedSchemaManifestRejectsMalformedAndOversizedIndexes/missing (0.00s)
    --- PASS: TestReplicatedSchemaManifestRejectsMalformedAndOversizedIndexes/foreign (0.00s)
    --- PASS: TestReplicatedSchemaManifestRejectsMalformedAndOversizedIndexes/malformed (0.00s)
    --- PASS: TestReplicatedSchemaManifestRejectsMalformedAndOversizedIndexes/oversized (0.00s)
    --- PASS: TestReplicatedSchemaManifestRejectsMalformedAndOversizedIndexes/unique (0.00s)
=== RUN   TestReplicatedSchemaManifestPointValidationGuards
=== RUN   TestReplicatedSchemaManifestPointValidationGuards/base
=== RUN   TestReplicatedSchemaManifestPointValidationGuards/apply
=== RUN   TestReplicatedSchemaManifestPointValidationGuards/placement
=== RUN   TestReplicatedSchemaManifestPointValidationGuards/live_manifest
--- PASS: TestReplicatedSchemaManifestPointValidationGuards (0.02s)
    --- PASS: TestReplicatedSchemaManifestPointValidationGuards/base (0.00s)
    --- PASS: TestReplicatedSchemaManifestPointValidationGuards/apply (0.00s)
    --- PASS: TestReplicatedSchemaManifestPointValidationGuards/placement (0.00s)
    --- PASS: TestReplicatedSchemaManifestPointValidationGuards/live_manifest (0.00s)
=== RUN   TestReplicatedSchemaManifestRejectsLocalUniqueIndex
--- PASS: TestReplicatedSchemaManifestRejectsLocalUniqueIndex (0.00s)
PASS
