=== RUN   TestValidatedRawPointMatchesSegment
=== RUN   TestValidatedRawPointMatchesSegment/projection_and_residual
=== RUN   TestValidatedRawPointMatchesSegment/escaped_unrelated_key_falls_back
=== RUN   TestValidatedRawPointMatchesSegment/nested_pointer_falls_back
=== RUN   TestValidatedRawPointMatchesSegment/array_root_preserves_pointer_semantics
--- PASS: TestValidatedRawPointMatchesSegment (0.00s)
    --- PASS: TestValidatedRawPointMatchesSegment/projection_and_residual (0.00s)
    --- PASS: TestValidatedRawPointMatchesSegment/escaped_unrelated_key_falls_back (0.00s)
    --- PASS: TestValidatedRawPointMatchesSegment/nested_pointer_falls_back (0.00s)
    --- PASS: TestValidatedRawPointMatchesSegment/array_root_preserves_pointer_semantics (0.00s)
=== RUN   TestValidatedRawSingleRowLimitsCancellationAndFallbackReuse
--- PASS: TestValidatedRawSingleRowLimitsCancellationAndFallbackReuse (0.00s)
PASS
ok  	github.com/thesyncim/vibedb/query	1.112s
=== RUN   TestReplicatedPointRawMatchesForcedSegmentFallback
=== RUN   TestReplicatedPointRawMatchesForcedSegmentFallback/full_predicate_with_null_missing_nested_and_escaped_scalar
=== RUN   TestReplicatedPointRawMatchesForcedSegmentFallback/residual_predicate_rejects_row
=== RUN   TestReplicatedPointRawMatchesForcedSegmentFallback/aggregate_fallback
=== RUN   TestReplicatedPointRawMatchesForcedSegmentFallback/point_miss
=== RUN   TestReplicatedPointRawMatchesForcedSegmentFallback/wrong_candidate_key
--- PASS: TestReplicatedPointRawMatchesForcedSegmentFallback (2.08s)
    --- PASS: TestReplicatedPointRawMatchesForcedSegmentFallback/full_predicate_with_null_missing_nested_and_escaped_scalar (0.00s)
    --- PASS: TestReplicatedPointRawMatchesForcedSegmentFallback/residual_predicate_rejects_row (0.00s)
    --- PASS: TestReplicatedPointRawMatchesForcedSegmentFallback/aggregate_fallback (0.00s)
    --- PASS: TestReplicatedPointRawMatchesForcedSegmentFallback/point_miss (0.00s)
    --- PASS: TestReplicatedPointRawMatchesForcedSegmentFallback/wrong_candidate_key (0.00s)
=== RUN   TestReplicatedPointRawAlternatesFreshOwnedDocuments
=== RUN   TestReplicatedPointRawAlternatesFreshOwnedDocuments/11
=== RUN   TestReplicatedPointRawAlternatesFreshOwnedDocuments/22
=== RUN   TestReplicatedPointRawAlternatesFreshOwnedDocuments/33
=== RUN   TestReplicatedPointRawAlternatesFreshOwnedDocuments/44
--- PASS: TestReplicatedPointRawAlternatesFreshOwnedDocuments (2.93s)
    --- PASS: TestReplicatedPointRawAlternatesFreshOwnedDocuments/11 (0.00s)
    --- PASS: TestReplicatedPointRawAlternatesFreshOwnedDocuments/22 (0.00s)
    --- PASS: TestReplicatedPointRawAlternatesFreshOwnedDocuments/33 (0.00s)
    --- PASS: TestReplicatedPointRawAlternatesFreshOwnedDocuments/44 (0.00s)
=== RUN   TestReplicatedPointRawBudgetAndCancellationMatchFallback
--- PASS: TestReplicatedPointRawBudgetAndCancellationMatchFallback (5.14s)
=== RUN   TestReplicatedPointRawWrapperClearsAcrossHitMissAndError
--- PASS: TestReplicatedPointRawWrapperClearsAcrossHitMissAndError (6.47s)
=== RUN   TestReplicatedPointRawPanicClearsBorrowedWrapper
--- PASS: TestReplicatedPointRawPanicClearsBorrowedWrapper (2.52s)
=== RUN   TestReplicatedReadReuseConcurrentIndependentLeases
--- PASS: TestReplicatedReadReuseConcurrentIndependentLeases (2.00s)
=== RUN   TestReplicatedReadReusePublicationBetweenLookupAndAttach
=== RUN   TestReplicatedReadReusePublicationBetweenLookupAndAttach/cold
=== RUN   TestReplicatedReadReusePublicationBetweenLookupAndAttach/hit
--- PASS: TestReplicatedReadReusePublicationBetweenLookupAndAttach (3.76s)
    --- PASS: TestReplicatedReadReusePublicationBetweenLookupAndAttach/cold (2.22s)
    --- PASS: TestReplicatedReadReusePublicationBetweenLookupAndAttach/hit (1.54s)
=== RUN   TestReplicatedSchemaManifestMatchesLiveBundleMachine
--- PASS: TestReplicatedSchemaManifestMatchesLiveBundleMachine (2.01s)
=== RUN   TestReplicatedSchemaManifestSeparatesSourceChildAndLocalIdentities
=== RUN   TestReplicatedSchemaManifestSeparatesSourceChildAndLocalIdentities/singleton
=== RUN   TestReplicatedSchemaManifestSeparatesSourceChildAndLocalIdentities/local
=== RUN   TestReplicatedSchemaManifestSeparatesSourceChildAndLocalIdentities/base-local-global
--- PASS: TestReplicatedSchemaManifestSeparatesSourceChildAndLocalIdentities (0.00s)
    --- PASS: TestReplicatedSchemaManifestSeparatesSourceChildAndLocalIdentities/singleton (0.00s)
    --- PASS: TestReplicatedSchemaManifestSeparatesSourceChildAndLocalIdentities/local (0.00s)
    --- PASS: TestReplicatedSchemaManifestSeparatesSourceChildAndLocalIdentities/base-local-global (0.00s)
=== RUN   TestReplicatedSchemaManifestRejectsMalformedAndOversizedIndexes
=== RUN   TestReplicatedSchemaManifestRejectsMalformedAndOversizedIndexes/missing
=== RUN   TestReplicatedSchemaManifestRejectsMalformedAndOversizedIndexes/foreign
=== RUN   TestReplicatedSchemaManifestRejectsMalformedAndOversizedIndexes/malformed
=== RUN   TestReplicatedSchemaManifestRejectsMalformedAndOversizedIndexes/oversized
=== RUN   TestReplicatedSchemaManifestRejectsMalformedAndOversizedIndexes/unique
--- PASS: TestReplicatedSchemaManifestRejectsMalformedAndOversizedIndexes (0.00s)
    --- PASS: TestReplicatedSchemaManifestRejectsMalformedAndOversizedIndexes/missing (0.00s)
    --- PASS: TestReplicatedSchemaManifestRejectsMalformedAndOversizedIndexes/foreign (0.00s)
    --- PASS: TestReplicatedSchemaManifestRejectsMalformedAndOversizedIndexes/malformed (0.00s)
    --- PASS: TestReplicatedSchemaManifestRejectsMalformedAndOversizedIndexes/oversized (0.00s)
    --- PASS: TestReplicatedSchemaManifestRejectsMalformedAndOversizedIndexes/unique (0.00s)
=== RUN   TestReplicatedSchemaManifestPointValidationGuards
=== RUN   TestReplicatedSchemaManifestPointValidationGuards/base
=== RUN   TestReplicatedSchemaManifestPointValidationGuards/apply
=== RUN   TestReplicatedSchemaManifestPointValidationGuards/placement
=== RUN   TestReplicatedSchemaManifestPointValidationGuards/live_manifest
--- PASS: TestReplicatedSchemaManifestPointValidationGuards (1.94s)
    --- PASS: TestReplicatedSchemaManifestPointValidationGuards/base (0.00s)
    --- PASS: TestReplicatedSchemaManifestPointValidationGuards/apply (0.00s)
    --- PASS: TestReplicatedSchemaManifestPointValidationGuards/placement (0.00s)
    --- PASS: TestReplicatedSchemaManifestPointValidationGuards/live_manifest (0.00s)
=== RUN   TestReplicatedSchemaManifestRejectsLocalUniqueIndex
--- PASS: TestReplicatedSchemaManifestRejectsLocalUniqueIndex (0.00s)
PASS
ok  	github.com/thesyncim/vibedb/sql/driver	29.982s
