cockroachdb point_hit c=1 rep=1 4874.5 ops/s p99=0.351ms errors=0 verified=true
cockroachdb point_hit c=1 rep=2 5578.8 ops/s p99=0.315ms errors=0 verified=true
cockroachdb point_hit c=1 rep=3 5653.1 ops/s p99=0.485ms errors=0 verified=true
cockroachdb point_hit c=8 rep=1 32875.5 ops/s p99=0.380ms errors=0 verified=true
cockroachdb point_hit c=8 rep=2 33447.6 ops/s p99=0.377ms errors=0 verified=true
cockroachdb point_hit c=8 rep=3 32954.9 ops/s p99=0.372ms errors=0 verified=true
cockroachdb point_miss c=1 rep=1 5088.7 ops/s p99=0.292ms errors=0 verified=true
cockroachdb point_miss c=1 rep=2 5195.5 ops/s p99=0.330ms errors=0 verified=true
cockroachdb point_miss c=1 rep=3 5248.3 ops/s p99=0.283ms errors=0 verified=true
cockroachdb point_miss c=8 rep=1 33536.6 ops/s p99=0.368ms errors=0 verified=true
cockroachdb point_miss c=8 rep=2 33367.7 ops/s p99=0.376ms errors=0 verified=true
cockroachdb point_miss c=8 rep=3 33951.3 ops/s p99=0.376ms errors=0 verified=true
cockroachdb range_64 c=1 rep=1 3474.6 ops/s p99=0.456ms errors=0 verified=true
cockroachdb range_64 c=1 rep=2 3356.5 ops/s p99=0.596ms errors=0 verified=true
cockroachdb range_64 c=1 rep=3 3506.8 ops/s p99=0.401ms errors=0 verified=true
cockroachdb range_64 c=8 rep=1 23104.3 ops/s p99=0.661ms errors=0 verified=true
cockroachdb range_64 c=8 rep=2 22974.9 ops/s p99=0.638ms errors=0 verified=true
cockroachdb range_64 c=8 rep=3 23112.3 ops/s p99=0.626ms errors=0 verified=true
cockroachdb group_16 c=1 rep=1 412.0 ops/s p99=4.123ms errors=0 verified=true
cockroachdb group_16 c=1 rep=2 404.8 ops/s p99=3.979ms errors=0 verified=true
cockroachdb group_16 c=1 rep=3 406.3 ops/s p99=3.956ms errors=0 verified=true
cockroachdb group_16 c=8 rep=1 1414.7 ops/s p99=16.392ms errors=0 verified=true
cockroachdb group_16 c=8 rep=2 2512.2 ops/s p99=6.773ms errors=0 verified=true
cockroachdb group_16 c=8 rep=3 2485.9 ops/s p99=6.643ms errors=0 verified=true
cockroachdb update_existing c=1 rep=1 1008.7 ops/s p99=1.533ms errors=0 verified=true
cockroachdb update_existing c=1 rep=2 936.2 ops/s p99=1.635ms errors=0 verified=true
cockroachdb update_existing c=1 rep=3 925.4 ops/s p99=1.646ms errors=0 verified=true
cockroachdb update_existing c=8 rep=1 4353.4 ops/s p99=3.387ms errors=0 verified=true
cockroachdb update_existing c=8 rep=2 4149.6 ops/s p99=3.930ms errors=0 verified=true
cockroachdb update_existing c=8 rep=3 3777.9 ops/s p99=2.963ms errors=0 verified=true
