vibedb point_hit c=1 rep=1 2470.7 ops/s p99=0.828ms errors=0 verified=true
vibedb point_hit c=1 rep=2 2416.7 ops/s p99=0.866ms errors=0 verified=true
vibedb point_hit c=1 rep=3 2471.3 ops/s p99=0.808ms errors=0 verified=true
vibedb point_hit c=8 rep=1 10400.9 ops/s p99=1.577ms errors=0 verified=true
vibedb point_hit c=8 rep=2 11019.4 ops/s p99=1.358ms errors=0 verified=true
vibedb point_hit c=8 rep=3 11156.4 ops/s p99=1.554ms errors=0 verified=true
vibedb point_miss c=1 rep=1 2497.6 ops/s p99=0.824ms errors=0 verified=true
vibedb point_miss c=1 rep=2 2464.2 ops/s p99=0.816ms errors=0 verified=true
vibedb point_miss c=1 rep=3 2524.1 ops/s p99=0.806ms errors=0 verified=true
vibedb point_miss c=8 rep=1 10764.7 ops/s p99=1.570ms errors=0 verified=true
vibedb point_miss c=8 rep=2 10557.0 ops/s p99=1.620ms errors=0 verified=true
vibedb point_miss c=8 rep=3 10962.2 ops/s p99=1.438ms errors=0 verified=true
vibedb range_64 c=1 rep=1 1405.4 ops/s p99=1.508ms errors=0 verified=true
vibedb range_64 c=1 rep=2 1496.5 ops/s p99=1.145ms errors=0 verified=true
vibedb range_64 c=1 rep=3 1531.2 ops/s p99=1.075ms errors=0 verified=true
vibedb range_64 c=8 rep=1 7498.8 ops/s p99=2.097ms errors=0 verified=true
vibedb range_64 c=8 rep=2 8301.7 ops/s p99=1.850ms errors=0 verified=true
vibedb range_64 c=8 rep=3 8213.1 ops/s p99=1.912ms errors=0 verified=true
vibedb group_16 c=1 rep=1 181.2 ops/s p99=6.999ms errors=0 verified=true
vibedb group_16 c=1 rep=2 182.6 ops/s p99=7.719ms errors=0 verified=true
vibedb group_16 c=1 rep=3 186.1 ops/s p99=6.442ms errors=0 verified=true
vibedb group_16 c=8 rep=1 1016.7 ops/s p99=11.481ms errors=0 verified=true
vibedb group_16 c=8 rep=2 1291.0 ops/s p99=8.266ms errors=0 verified=true
vibedb group_16 c=8 rep=3 818.3 ops/s p99=15.129ms errors=0 verified=true
vibedb update_existing c=1 rep=1 465.1 ops/s p99=9.743ms errors=0 verified=true
vibedb update_existing c=1 rep=2 429.3 ops/s p99=10.397ms errors=0 verified=true
vibedb update_existing c=1 rep=3 428.4 ops/s p99=10.035ms errors=0 verified=true
vibedb update_existing c=8 rep=1 2297.4 ops/s p99=12.496ms errors=0 verified=true
vibedb update_existing c=8 rep=2 2422.0 ops/s p99=11.364ms errors=0 verified=true
vibedb update_existing c=8 rep=3 2416.1 ops/s p99=12.127ms errors=0 verified=true
