cockroachdb point_hit c=1 rep=1 5567.2 ops/s p99=0.351ms errors=0 verified=true
cockroachdb point_hit c=1 rep=2 5659.7 ops/s p99=0.339ms errors=0 verified=true
cockroachdb point_hit c=1 rep=3 5275.7 ops/s p99=0.466ms errors=0 verified=true
cockroachdb point_hit c=8 rep=1 33774.9 ops/s p99=0.379ms errors=0 verified=true
cockroachdb point_hit c=8 rep=2 32977.1 ops/s p99=0.368ms errors=0 verified=true
cockroachdb point_hit c=8 rep=3 32501.2 ops/s p99=0.426ms errors=0 verified=true
cockroachdb point_miss c=1 rep=1 5405.8 ops/s p99=0.381ms errors=0 verified=true
cockroachdb point_miss c=1 rep=2 5471.6 ops/s p99=0.264ms errors=0 verified=true
cockroachdb point_miss c=1 rep=3 5507.6 ops/s p99=0.369ms errors=0 verified=true
cockroachdb point_miss c=8 rep=1 33734.6 ops/s p99=0.394ms errors=0 verified=true
cockroachdb point_miss c=8 rep=2 34714.0 ops/s p99=0.355ms errors=0 verified=true
cockroachdb point_miss c=8 rep=3 32421.1 ops/s p99=0.448ms errors=0 verified=true
cockroachdb range_64 c=1 rep=1 3538.9 ops/s p99=0.447ms errors=0 verified=true
cockroachdb range_64 c=1 rep=2 3448.5 ops/s p99=0.510ms errors=0 verified=true
cockroachdb range_64 c=1 rep=3 3525.9 ops/s p99=0.486ms errors=0 verified=true
cockroachdb range_64 c=8 rep=1 22605.3 ops/s p99=0.726ms errors=0 verified=true
cockroachdb range_64 c=8 rep=2 22378.7 ops/s p99=0.684ms errors=0 verified=true
cockroachdb range_64 c=8 rep=3 23022.6 ops/s p99=0.676ms errors=0 verified=true
cockroachdb group_16 c=1 rep=1 418.6 ops/s p99=4.249ms errors=0 verified=true
cockroachdb group_16 c=1 rep=2 419.6 ops/s p99=4.148ms errors=0 verified=true
cockroachdb group_16 c=1 rep=3 414.5 ops/s p99=3.929ms errors=0 verified=true
cockroachdb group_16 c=8 rep=1 1590.6 ops/s p99=14.107ms errors=0 verified=true
cockroachdb group_16 c=8 rep=2 2461.6 ops/s p99=6.908ms errors=0 verified=true
cockroachdb group_16 c=8 rep=3 2474.8 ops/s p99=8.935ms errors=0 verified=true
cockroachdb update_existing c=1 rep=1 922.4 ops/s p99=1.634ms errors=0 verified=true
cockroachdb update_existing c=1 rep=2 959.8 ops/s p99=1.701ms errors=0 verified=true
cockroachdb update_existing c=1 rep=3 916.5 ops/s p99=1.594ms errors=0 verified=true
cockroachdb update_existing c=8 rep=1 4529.0 ops/s p99=2.579ms errors=0 verified=true
cockroachdb update_existing c=8 rep=2 4175.6 ops/s p99=2.554ms errors=0 verified=true
cockroachdb update_existing c=8 rep=3 3606.2 ops/s p99=4.899ms errors=0 verified=true
