vibedb point_hit c=1 rep=1 2247.0 ops/s p99=0.920ms errors=0 verified=true
vibedb point_hit c=1 rep=2 2461.9 ops/s p99=0.839ms errors=0 verified=true
vibedb point_hit c=1 rep=3 2418.5 ops/s p99=0.839ms errors=0 verified=true
vibedb point_hit c=8 rep=1 10842.2 ops/s p99=1.477ms errors=0 verified=true
vibedb point_hit c=8 rep=2 10711.1 ops/s p99=1.466ms errors=0 verified=true
vibedb point_hit c=8 rep=3 11155.5 ops/s p99=1.433ms errors=0 verified=true
vibedb point_miss c=1 rep=1 2533.8 ops/s p99=0.848ms errors=0 verified=true
vibedb point_miss c=1 rep=2 2526.1 ops/s p99=0.838ms errors=0 verified=true
vibedb point_miss c=1 rep=3 2533.4 ops/s p99=0.822ms errors=0 verified=true
vibedb point_miss c=8 rep=1 10383.7 ops/s p99=1.747ms errors=0 verified=true
vibedb point_miss c=8 rep=2 11338.5 ops/s p99=1.320ms errors=0 verified=true
vibedb point_miss c=8 rep=3 11471.6 ops/s p99=1.406ms errors=0 verified=true
vibedb range_64 c=1 rep=1 1534.1 ops/s p99=1.208ms errors=0 verified=true
vibedb range_64 c=1 rep=2 1539.2 ops/s p99=1.223ms errors=0 verified=true
vibedb range_64 c=1 rep=3 1571.3 ops/s p99=1.131ms errors=0 verified=true
vibedb range_64 c=8 rep=1 7268.8 ops/s p99=2.214ms errors=0 verified=true
vibedb range_64 c=8 rep=2 8277.3 ops/s p99=1.920ms errors=0 verified=true
vibedb range_64 c=8 rep=3 8137.8 ops/s p99=2.296ms errors=0 verified=true
vibedb group_16 c=1 rep=1 185.0 ops/s p99=6.178ms errors=0 verified=true
vibedb group_16 c=1 rep=2 182.6 ops/s p99=6.366ms errors=0 verified=true
vibedb group_16 c=1 rep=3 187.3 ops/s p99=6.180ms errors=0 verified=true
vibedb group_16 c=8 rep=1 1087.6 ops/s p99=11.148ms errors=0 verified=true
vibedb group_16 c=8 rep=2 1373.6 ops/s p99=9.066ms errors=0 verified=true
vibedb group_16 c=8 rep=3 1240.0 ops/s p99=11.459ms errors=0 verified=true
vibedb update_existing c=1 rep=1 377.8 ops/s p99=13.806ms errors=0 verified=true
vibedb update_existing c=1 rep=2 428.6 ops/s p99=11.288ms errors=0 verified=true
vibedb update_existing c=1 rep=3 398.2 ops/s p99=11.347ms errors=0 verified=true
vibedb update_existing c=8 rep=1 992.6 ops/s p99=30.019ms errors=0 verified=true
vibedb update_existing c=8 rep=2 1474.3 ops/s p99=22.005ms errors=0 verified=true
vibedb update_existing c=8 rep=3 1651.0 ops/s p99=22.622ms errors=0 verified=true
