=== RUN   TestReplicatedPointRawMatchesForcedSegmentFallback
=== RUN   TestReplicatedPointRawMatchesForcedSegmentFallback/full_predicate_with_null_missing_nested_and_escaped_scalar
=== RUN   TestReplicatedPointRawMatchesForcedSegmentFallback/residual_predicate_rejects_row
=== RUN   TestReplicatedPointRawMatchesForcedSegmentFallback/aggregate_fallback
=== RUN   TestReplicatedPointRawMatchesForcedSegmentFallback/point_miss
=== RUN   TestReplicatedPointRawMatchesForcedSegmentFallback/wrong_candidate_key
--- PASS: TestReplicatedPointRawMatchesForcedSegmentFallback (0.05s)
    --- PASS: TestReplicatedPointRawMatchesForcedSegmentFallback/full_predicate_with_null_missing_nested_and_escaped_scalar (0.00s)
    --- PASS: TestReplicatedPointRawMatchesForcedSegmentFallback/residual_predicate_rejects_row (0.00s)
    --- PASS: TestReplicatedPointRawMatchesForcedSegmentFallback/aggregate_fallback (0.00s)
    --- PASS: TestReplicatedPointRawMatchesForcedSegmentFallback/point_miss (0.00s)
    --- PASS: TestReplicatedPointRawMatchesForcedSegmentFallback/wrong_candidate_key (0.00s)
=== RUN   TestReplicatedPointRawAlternatesFreshOwnedDocuments
=== RUN   TestReplicatedPointRawAlternatesFreshOwnedDocuments/11
=== RUN   TestReplicatedPointRawAlternatesFreshOwnedDocuments/22
=== RUN   TestReplicatedPointRawAlternatesFreshOwnedDocuments/33
=== RUN   TestReplicatedPointRawAlternatesFreshOwnedDocuments/44
--- PASS: TestReplicatedPointRawAlternatesFreshOwnedDocuments (0.04s)
    --- PASS: TestReplicatedPointRawAlternatesFreshOwnedDocuments/11 (0.00s)
    --- PASS: TestReplicatedPointRawAlternatesFreshOwnedDocuments/22 (0.00s)
    --- PASS: TestReplicatedPointRawAlternatesFreshOwnedDocuments/33 (0.00s)
    --- PASS: TestReplicatedPointRawAlternatesFreshOwnedDocuments/44 (0.00s)
=== RUN   TestReplicatedPointRawBudgetAndCancellationMatchFallback
--- PASS: TestReplicatedPointRawBudgetAndCancellationMatchFallback (0.04s)
=== RUN   TestReplicatedPointRawWrapperClearsAcrossHitMissAndError
--- PASS: TestReplicatedPointRawWrapperClearsAcrossHitMissAndError (0.03s)
=== RUN   TestReplicatedPointRawPanicClearsBorrowedWrapper
--- PASS: TestReplicatedPointRawPanicClearsBorrowedWrapper (0.04s)
=== RUN   TestReplicatedPointReadSessionCandidatePreservesQuerySemantics
--- PASS: TestReplicatedPointReadSessionCandidatePreservesQuerySemantics (0.04s)
=== RUN   TestReplicatedPointReadSessionMissAndWrongKeyAreBounded
--- PASS: TestReplicatedPointReadSessionMissAndWrongKeyAreBounded (0.03s)
=== RUN   TestReplicatedPointReadSessionRejectsStaleIdentityAndPath
--- PASS: TestReplicatedPointReadSessionRejectsStaleIdentityAndPath (0.03s)
=== RUN   TestReplicatedReadReuseDataCutMutationAndParameterKey
--- PASS: TestReplicatedReadReuseDataCutMutationAndParameterKey (0.05s)
=== RUN   TestReplicatedReadReusePointAlternatesHitsMissesAndUpdates
--- PASS: TestReplicatedReadReusePointAlternatesHitsMissesAndUpdates (0.04s)
=== RUN   TestReplicatedReadReuseBudgetCancellationRollbackAndReuse
--- PASS: TestReplicatedReadReuseBudgetCancellationRollbackAndReuse (0.04s)
=== RUN   TestReplicatedReadReuseLeasesAreExclusiveAndStaleHandlesClose
--- PASS: TestReplicatedReadReuseLeasesAreExclusiveAndStaleHandlesClose (0.04s)
=== RUN   TestReplicatedReadReuseConcurrentIndependentLeases
--- PASS: TestReplicatedReadReuseConcurrentIndependentLeases (0.05s)
=== RUN   TestReplicatedReadReuseUnsupportedShapesAreNeverRetained
--- PASS: TestReplicatedReadReuseUnsupportedShapesAreNeverRetained (0.05s)
=== RUN   TestReplicatedReadReuseRejectsForeignAndClosedCuts
--- PASS: TestReplicatedReadReuseRejectsForeignAndClosedCuts (0.08s)
=== RUN   TestReplicatedReadReuseLayoutReplacementDoesNotReuseStaleSlot
--- PASS: TestReplicatedReadReuseLayoutReplacementDoesNotReuseStaleSlot (0.04s)
=== RUN   TestReplicatedReadReuseApplyCloseRejectsAndRetiresLeases
--- PASS: TestReplicatedReadReuseApplyCloseRejectsAndRetiresLeases (0.05s)
=== RUN   TestReplicatedReadReuseIdleStateDropsRequestReferences
--- PASS: TestReplicatedReadReuseIdleStateDropsRequestReferences (0.04s)
=== RUN   TestReplicatedReadReuseLayoutTokensOutliveEpochs
--- PASS: TestReplicatedReadReuseLayoutTokensOutliveEpochs (0.02s)
=== RUN   TestReplicatedReadReusePreparationOwnsSourceAndAccountsObjects
--- PASS: TestReplicatedReadReusePreparationOwnsSourceAndAccountsObjects (0.00s)
=== RUN   TestReplicatedReadReusePublicationBetweenLookupAndAttach
=== RUN   TestReplicatedReadReusePublicationBetweenLookupAndAttach/cold
=== RUN   TestReplicatedReadReusePublicationBetweenLookupAndAttach/hit
--- PASS: TestReplicatedReadReusePublicationBetweenLookupAndAttach (0.09s)
    --- PASS: TestReplicatedReadReusePublicationBetweenLookupAndAttach/cold (0.04s)
    --- PASS: TestReplicatedReadReusePublicationBetweenLookupAndAttach/hit (0.05s)
=== RUN   TestReplicatedReadReuseAcquirePanicRetiresReservation
=== RUN   TestReplicatedReadReuseAcquirePanicRetiresReservation/cold
=== RUN   TestReplicatedReadReuseAcquirePanicRetiresReservation/hit
--- PASS: TestReplicatedReadReuseAcquirePanicRetiresReservation (0.09s)
    --- PASS: TestReplicatedReadReuseAcquirePanicRetiresReservation/cold (0.05s)
    --- PASS: TestReplicatedReadReuseAcquirePanicRetiresReservation/hit (0.05s)
=== RUN   TestReplicatedReadReuseResetDeclinePreservesSuccessfulRead
--- PASS: TestReplicatedReadReuseResetDeclinePreservesSuccessfulRead (0.00s)
=== RUN   TestReplicatedReadReuseAbortClosesUnpublishedRows
--- PASS: TestReplicatedReadReuseAbortClosesUnpublishedRows (0.00s)
=== RUN   TestReplicatedReadReuseQueryPanicStopsContextWatcher
--- PASS: TestReplicatedReadReuseQueryPanicStopsContextWatcher (0.00s)
PASS
