cockroachdb point_hit c=1 rep=1 6679.9 ops/s p99=0.244ms errors=0 verified=true
cockroachdb point_hit c=1 rep=2 8962.2 ops/s p99=0.235ms errors=0 verified=true
cockroachdb point_hit c=1 rep=3 7830.9 ops/s p99=0.490ms errors=0 verified=true
cockroachdb point_hit c=8 rep=1 43305.4 ops/s p99=0.349ms errors=0 verified=true
cockroachdb point_hit c=8 rep=2 43848.5 ops/s p99=0.287ms errors=0 verified=true
cockroachdb point_hit c=8 rep=3 44715.5 ops/s p99=0.282ms errors=0 verified=true
cockroachdb point_miss c=1 rep=1 7623.1 ops/s p99=0.192ms errors=0 verified=true
cockroachdb point_miss c=1 rep=2 7756.3 ops/s p99=0.212ms errors=0 verified=true
cockroachdb point_miss c=1 rep=3 7158.3 ops/s p99=0.266ms errors=0 verified=true
cockroachdb point_miss c=8 rep=1 44796.2 ops/s p99=0.280ms errors=0 verified=true
cockroachdb point_miss c=8 rep=2 43984.1 ops/s p99=0.360ms errors=0 verified=true
cockroachdb point_miss c=8 rep=3 44584.5 ops/s p99=0.279ms errors=0 verified=true
cockroachdb range_64 c=1 rep=1 5029.9 ops/s p99=0.291ms errors=0 verified=true
cockroachdb range_64 c=1 rep=2 4928.1 ops/s p99=0.296ms errors=0 verified=true
cockroachdb range_64 c=1 rep=3 5010.3 ops/s p99=0.340ms errors=0 verified=true
cockroachdb range_64 c=8 rep=1 28673.9 ops/s p99=0.684ms errors=0 verified=true
cockroachdb range_64 c=8 rep=2 30488.4 ops/s p99=0.554ms errors=0 verified=true
cockroachdb range_64 c=8 rep=3 29855.5 ops/s p99=0.522ms errors=0 verified=true
cockroachdb group_16 c=1 rep=1 565.0 ops/s p99=3.311ms errors=0 verified=true
cockroachdb group_16 c=1 rep=2 574.1 ops/s p99=2.912ms errors=0 verified=true
cockroachdb group_16 c=1 rep=3 560.3 ops/s p99=2.906ms errors=0 verified=true
cockroachdb group_16 c=8 rep=1 3231.2 ops/s p99=5.201ms errors=0 verified=true
cockroachdb group_16 c=8 rep=2 3299.6 ops/s p99=5.489ms errors=0 verified=true
cockroachdb group_16 c=8 rep=3 3171.9 ops/s p99=5.729ms errors=0 verified=true
cockroachdb update_existing c=1 rep=1 1080.3 ops/s p99=1.729ms errors=0 verified=true
cockroachdb update_existing c=1 rep=2 1230.8 ops/s p99=1.162ms errors=0 verified=true
cockroachdb update_existing c=1 rep=3 1188.8 ops/s p99=1.210ms errors=0 verified=true
cockroachdb update_existing c=8 rep=1 6005.9 ops/s p99=1.858ms errors=0 verified=true
cockroachdb update_existing c=8 rep=2 6067.3 ops/s p99=1.845ms errors=0 verified=true
cockroachdb update_existing c=8 rep=3 6080.5 ops/s p99=1.830ms errors=0 verified=true
