vibedb point_hit c=1 rep=1 3554.6 ops/s p99=0.572ms errors=0 verified=true
vibedb point_hit c=1 rep=2 3531.0 ops/s p99=0.597ms errors=0 verified=true
vibedb point_hit c=1 rep=3 3629.8 ops/s p99=0.559ms errors=0 verified=true
vibedb point_hit c=8 rep=1 14479.3 ops/s p99=1.186ms errors=0 verified=true
vibedb point_hit c=8 rep=2 14469.6 ops/s p99=1.188ms errors=0 verified=true
vibedb point_hit c=8 rep=3 14982.3 ops/s p99=1.074ms errors=0 verified=true
vibedb point_miss c=1 rep=1 3763.8 ops/s p99=0.552ms errors=0 verified=true
vibedb point_miss c=1 rep=2 3656.3 ops/s p99=0.579ms errors=0 verified=true
vibedb point_miss c=1 rep=3 3745.0 ops/s p99=0.530ms errors=0 verified=true
vibedb point_miss c=8 rep=1 15732.4 ops/s p99=0.999ms errors=0 verified=true
vibedb point_miss c=8 rep=2 15021.8 ops/s p99=1.035ms errors=0 verified=true
vibedb point_miss c=8 rep=3 15210.5 ops/s p99=1.049ms errors=0 verified=true
vibedb range_64 c=1 rep=1 2304.1 ops/s p99=0.703ms errors=0 verified=true
vibedb range_64 c=1 rep=2 2328.8 ops/s p99=0.746ms errors=0 verified=true
vibedb range_64 c=1 rep=3 2304.6 ops/s p99=0.742ms errors=0 verified=true
vibedb range_64 c=8 rep=1 11342.8 ops/s p99=1.514ms errors=0 verified=true
vibedb range_64 c=8 rep=2 10853.2 ops/s p99=1.591ms errors=0 verified=true
vibedb range_64 c=8 rep=3 11642.8 ops/s p99=1.306ms errors=0 verified=true
vibedb group_16 c=1 rep=1 262.5 ops/s p99=4.401ms errors=0 verified=true
vibedb group_16 c=1 rep=2 262.4 ops/s p99=4.470ms errors=0 verified=true
vibedb group_16 c=1 rep=3 262.6 ops/s p99=4.429ms errors=0 verified=true
vibedb group_16 c=8 rep=1 1883.1 ops/s p99=6.265ms errors=0 verified=true
vibedb group_16 c=8 rep=2 1922.4 ops/s p99=5.832ms errors=0 verified=true
vibedb group_16 c=8 rep=3 1927.7 ops/s p99=5.865ms errors=0 verified=true
vibedb update_existing c=1 rep=1 664.6 ops/s p99=7.760ms errors=0 verified=true
vibedb update_existing c=1 rep=2 618.1 ops/s p99=14.140ms errors=0 verified=true
vibedb update_existing c=1 rep=3 658.2 ops/s p99=7.598ms errors=0 verified=true
vibedb update_existing c=8 rep=1 2850.9 ops/s p99=16.288ms errors=0 verified=true
vibedb update_existing c=8 rep=2 2807.0 ops/s p99=19.366ms errors=0 verified=true
vibedb update_existing c=8 rep=3 1862.3 ops/s p99=20.417ms errors=0 verified=true
